"../../../Engine/Plugins/2D/Paper2D/Content/PlaceholderTextures/DummySpriteTexture.uasset" 0
"../../../Engine/Plugins/2D/Paper2D/Content/PlaceholderTextures/DummySpriteTexture.uexp" 1
"../../../Engine/Plugins/2D/Paper2D/Content/DummySprite.uasset" 2
"../../../Engine/Plugins/2D/Paper2D/Content/DummySprite.uexp" 3
"../../../Engine/Plugins/2D/Paper2D/Content/DefaultPaperTerrainMaterial.uasset" 4
"../../../Engine/Plugins/2D/Paper2D/Content/DefaultPaperTerrainMaterial.uexp" 5
"../../../Engine/Plugins/Animation/ACLPlugin/Content/ACLAnimBoneCompressionSettings.uasset" 6
"../../../Engine/Plugins/Animation/ACLPlugin/Content/ACLAnimBoneCompressionSettings.uexp" 7
"../../../Engine/Plugins/Animation/ACLPlugin/Content/ACLAnimCurveCompressionSettings.uasset" 8
"../../../Engine/Plugins/Animation/ACLPlugin/Content/ACLAnimCurveCompressionSettings.uexp" 9
"../../../Engine/Content/Animation/DefaultRecorderBoneCompression.uasset" 10
"../../../Engine/Content/Animation/DefaultRecorderBoneCompression.uexp" 11
"../../../Engine/Content/Animation/DefaultVariableFrameStrippingSettings.uasset" 12
"../../../Engine/Content/Animation/DefaultVariableFrameStrippingSettings.uexp" 13
"../../../Engine/Content/EngineFonts/Faces/DroidSansFallback.uexp" 14
"../../../Engine/Content/EngineFonts/Faces/DroidSansFallback.uasset" 15
"../../../Engine/Content/EngineFonts/Faces/DroidSansFallback.ufont" 16
"../../../Engine/Content/EngineFonts/Faces/RobotoBold.uexp" 17
"../../../Engine/Content/EngineFonts/Faces/RobotoBold.uasset" 18
"../../../Engine/Content/EngineFonts/Faces/RobotoBold.ufont" 19
"../../../Engine/Content/EngineFonts/Faces/RobotoBoldItalic.uexp" 20
"../../../Engine/Content/EngineFonts/Faces/RobotoBoldItalic.uasset" 21
"../../../Engine/Content/EngineFonts/Faces/RobotoBoldItalic.ufont" 22
"../../../Engine/Content/EngineFonts/Faces/RobotoItalic.uexp" 23
"../../../Engine/Content/EngineFonts/Faces/RobotoItalic.uasset" 24
"../../../Engine/Content/EngineFonts/Faces/RobotoItalic.ufont" 25
"../../../Engine/Content/EngineFonts/Faces/RobotoLight.uexp" 26
"../../../Engine/Content/EngineFonts/Faces/RobotoLight.uasset" 27
"../../../Engine/Content/EngineFonts/Faces/RobotoLight.ufont" 28
"../../../Engine/Content/EngineFonts/Faces/RobotoRegular.uexp" 29
"../../../Engine/Content/EngineFonts/Faces/RobotoRegular.uasset" 30
"../../../Engine/Content/EngineFonts/Faces/RobotoRegular.ufont" 31
"../../../Engine/Content/EngineMaterials/DefaultDestructiblePhysicalMaterial.uasset" 32
"../../../Engine/Content/EngineMaterials/DefaultDestructiblePhysicalMaterial.uexp" 33
"../../../Engine/Content/EngineMaterials/DefaultPhysicalMaterial.uasset" 34
"../../../Engine/Content/EngineMaterials/DefaultPhysicalMaterial.uexp" 35
"../../../Engine/Content/EngineSounds/Master.uasset" 36
"../../../Engine/Content/EngineSounds/Master.uexp" 37
"../../../Engine/Plugins/Animation/ControlRig/Content/Controls/DefaultGizmoLibraryNormalized.uasset" 38
"../../../Engine/Plugins/Animation/ControlRig/Content/Controls/DefaultGizmoLibraryNormalized.uexp" 39
"../../../Engine/Content/EditorLandscapeResources/DefaultAlphaTexture.uasset" 40
"../../../Engine/Content/EditorLandscapeResources/DefaultAlphaTexture.uexp" 41
"../../../Engine/Content/Functions/Engine_MaterialFunctions03/Math/WithinRangeFloat2.uasset" 42
"../../../Engine/Content/Functions/Engine_MaterialFunctions03/Math/WithinRangeFloat2.uexp" 43
"../../../Engine/Content/EditorLandscapeResources/WhiteSquareTexture.uasset" 44
"../../../Engine/Content/EditorLandscapeResources/WhiteSquareTexture.uexp" 45
"../../../Engine/Content/EditorLandscapeResources/SelectBrushMaterial.uasset" 46
"../../../Engine/Content/EditorLandscapeResources/SelectBrushMaterial.uexp" 47
"../../../Engine/Content/EditorLandscapeResources/SelectBrushMaterial_SelectedRegion.uasset" 48
"../../../Engine/Content/EditorLandscapeResources/SelectBrushMaterial_SelectedRegion.uexp" 49
"../../../Engine/Content/EngineMaterials/T_Default_Material_Grid_M.uasset" 50
"../../../Engine/Content/EngineMaterials/T_Default_Material_Grid_M.uexp" 51
"../../../Engine/Content/EngineMaterials/T_Default_Material_Grid_N.uasset" 52
"../../../Engine/Content/EngineMaterials/T_Default_Material_Grid_N.uexp" 53
"../../../Engine/Content/Functions/Engine_MaterialFunctions01/Opacity/CameraDepthFade.uasset" 54
"../../../Engine/Content/Functions/Engine_MaterialFunctions01/Opacity/CameraDepthFade.uexp" 55
"../../../Engine/Content/EngineMaterials/WorldGridMaterial.uasset" 56
"../../../Engine/Content/EngineMaterials/WorldGridMaterial.uexp" 57
"../../../Engine/Plugins/Animation/ControlRig/Content/Controls/ControlRig_Triangle_solid.uasset" 58
"../../../Engine/Plugins/Animation/ControlRig/Content/Controls/ControlRig_Triangle_solid.uexp" 59
"../../../Engine/Content/EngineResources/Black.uasset" 60
"../../../Engine/Content/EngineResources/Black.uexp" 61
"../../../Engine/Content/EditorLandscapeResources/SplineEditorMeshMat.uasset" 62
"../../../Engine/Content/EditorLandscapeResources/SplineEditorMeshMat.uexp" 63
"../../../Engine/Content/EditorLandscapeResources/SplineEditorMesh.uasset" 64
"../../../Engine/Content/EditorLandscapeResources/SplineEditorMesh.uexp" 65
"../../../Engine/Content/EngineMaterials/BaseFlattenDiffuseMap.uasset" 66
"../../../Engine/Content/EngineMaterials/BaseFlattenDiffuseMap.uexp" 67
"../../../Engine/Content/EngineMaterials/BaseFlattenEmissiveMap.uasset" 68
"../../../Engine/Content/EngineMaterials/BaseFlattenEmissiveMap.uexp" 69
"../../../Engine/Content/EngineMaterials/BaseFlattenGrayscaleMap.uasset" 70
"../../../Engine/Content/EngineMaterials/BaseFlattenGrayscaleMap.uexp" 71
"../../../Engine/Content/EngineMaterials/BaseFlattenLinearColor.uasset" 72
"../../../Engine/Content/EngineMaterials/BaseFlattenLinearColor.uexp" 73
"../../../Engine/Content/EngineMaterials/BaseFlattenNormalMap.uasset" 74
"../../../Engine/Content/EngineMaterials/BaseFlattenNormalMap.uexp" 75
"../../../Engine/Content/Functions/Engine_MaterialFunctions02/PivotPainter2/Black_1x1_EXR_Texture.uasset" 76
"../../../Engine/Content/Functions/Engine_MaterialFunctions02/PivotPainter2/Black_1x1_EXR_Texture.uexp" 77
"../../../Engine/Content/EngineMaterials/FlattenMaterial.uasset" 78
"../../../Engine/Content/EngineMaterials/FlattenMaterial.uexp" 79
"../../../Engine/Content/EngineMaterials/BaseFlattenDiffuseMap_VT.uasset" 80
"../../../Engine/Content/EngineMaterials/BaseFlattenDiffuseMap_VT.uexp" 81
"../../../Engine/Content/EngineMaterials/BaseFlattenEmissiveMap_VT.uasset" 82
"../../../Engine/Content/EngineMaterials/BaseFlattenEmissiveMap_VT.uexp" 83
"../../../Engine/Content/EngineMaterials/BaseFlattenGrayscaleMap_VT.uasset" 84
"../../../Engine/Content/EngineMaterials/BaseFlattenGrayscaleMap_VT.uexp" 85
"../../../Engine/Content/EngineMaterials/BaseFlattenLinearColor_VT.uasset" 86
"../../../Engine/Content/EngineMaterials/BaseFlattenLinearColor_VT.uexp" 87
"../../../Engine/Content/EngineMaterials/BaseFlattenNormalMap_VT.uasset" 88
"../../../Engine/Content/EngineMaterials/BaseFlattenNormalMap_VT.uexp" 89
"../../../Engine/Content/EngineMaterials/Black_1x1_EXR_Texture_VT.uasset" 90
"../../../Engine/Content/EngineMaterials/Black_1x1_EXR_Texture_VT.uexp" 91
"../../../Engine/Content/EngineMaterials/FlattenMaterial_VT.uasset" 92
"../../../Engine/Content/EngineMaterials/FlattenMaterial_VT.uexp" 93
"../../../Engine/Plugins/Animation/ControlRig/Content/Controls/ControlRig_Wedge_1mm.uasset" 94
"../../../Engine/Plugins/Animation/ControlRig/Content/Controls/ControlRig_Wedge_1mm.uexp" 95
"../../../Engine/Plugins/Interchange/Runtime/Content/Pipelines/DefaultAssetsPipeline.uasset" 96
"../../../Engine/Plugins/Interchange/Runtime/Content/Pipelines/DefaultAssetsPipeline.uexp" 97
"../../../Engine/Plugins/Interchange/Runtime/Content/Pipelines/DefaultAudioPipeline.uasset" 98
"../../../Engine/Plugins/Interchange/Runtime/Content/Pipelines/DefaultAudioPipeline.uexp" 99
"../../../Engine/Plugins/Interchange/Runtime/Content/Pipelines/DefaultGLTFAssetsPipeline.uasset" 100
"../../../Engine/Plugins/Interchange/Runtime/Content/Pipelines/DefaultGLTFAssetsPipeline.uexp" 101
"../../../Engine/Content/EngineMaterials/FlattenMaterial_WS_Normal_VT.uasset" 102
"../../../Engine/Content/EngineMaterials/FlattenMaterial_WS_Normal_VT.uexp" 103
"../../../Engine/Plugins/Interchange/Runtime/Content/Pipelines/DefaultGLTFPipeline.uasset" 104
"../../../Engine/Plugins/Interchange/Runtime/Content/Pipelines/DefaultGLTFPipeline.uexp" 105
"../../../Engine/Plugins/Interchange/Runtime/Content/Pipelines/DefaultGLTFSceneAssetsPipeline.uasset" 106
"../../../Engine/Plugins/Interchange/Runtime/Content/Pipelines/DefaultGLTFSceneAssetsPipeline.uexp" 107
"../../../Engine/Plugins/Interchange/Runtime/Content/Pipelines/DefaultMaterialPipeline.uasset" 108
"../../../Engine/Plugins/Interchange/Runtime/Content/Pipelines/DefaultMaterialPipeline.uexp" 109
"../../../Engine/Plugins/Interchange/Runtime/Content/Pipelines/DefaultMaterialXPipeline.uasset" 110
"../../../Engine/Plugins/Interchange/Runtime/Content/Pipelines/DefaultMaterialXPipeline.uexp" 111
"../../../Engine/Plugins/Interchange/Runtime/Content/Pipelines/DefaultSceneAssetsPipeline.uasset" 112
"../../../Engine/Plugins/Interchange/Runtime/Content/Pipelines/DefaultSceneAssetsPipeline.uexp" 113
"../../../Engine/Plugins/Animation/ControlRig/Content/Controls/ControlRig_Wedge_3mm.uasset" 114
"../../../Engine/Plugins/Animation/ControlRig/Content/Controls/ControlRig_Wedge_3mm.uexp" 115
"../../../Engine/Plugins/Interchange/Runtime/Content/Pipelines/DefaultSceneLevelPipeline.uasset" 116
"../../../Engine/Plugins/Interchange/Runtime/Content/Pipelines/DefaultSceneLevelPipeline.uexp" 117
"../../../Engine/Plugins/Interchange/Runtime/Content/Pipelines/DefaultTexturePipeline.uasset" 118
"../../../Engine/Plugins/Interchange/Runtime/Content/Pipelines/DefaultTexturePipeline.uexp" 119
"../../../Engine/Content/EngineResources/DefaultTexture.uasset" 120
"../../../Engine/Content/EngineResources/DefaultTexture.uexp" 121
"../../../Engine/Plugins/Animation/ControlRig/Content/Controls/ControlRig_Wedge_solid.uasset" 122
"../../../Engine/Plugins/Animation/ControlRig/Content/Controls/ControlRig_Wedge_solid.uexp" 123
"../../../Engine/Content/EngineMaterials/GizmoMaterial.uasset" 124
"../../../Engine/Content/EngineMaterials/GizmoMaterial.uexp" 125
"../../../Engine/Content/EngineResources/DefaultTextureCube.uasset" 126
"../../../Engine/Content/EngineResources/DefaultTextureCube.uexp" 127
"../../../Engine/Plugins/2D/Paper2D/Content/DefaultSpriteMaterial.uasset" 128
"../../../Engine/Plugins/2D/Paper2D/Content/DefaultSpriteMaterial.uexp" 129
"../../../Engine/Plugins/2D/Paper2D/Content/MaskedUnlitSpriteMaterial.uasset" 130
"../../../Engine/Plugins/2D/Paper2D/Content/MaskedUnlitSpriteMaterial.uexp" 131
"../../../Engine/Plugins/2D/Paper2D/Content/OpaqueUnlitSpriteMaterial.uasset" 132
"../../../Engine/Plugins/2D/Paper2D/Content/OpaqueUnlitSpriteMaterial.uexp" 133
"../../../Engine/Content/EngineResources/DefaultVolumeTexture2D.uasset" 134
"../../../Engine/Content/EngineResources/DefaultVolumeTexture2D.uexp" 135
"../../../Engine/Content/EngineResources/DefaultVolumeTexture.uasset" 136
"../../../Engine/Content/EngineResources/DefaultVolumeTexture.uexp" 137
"../../../Engine/Content/Functions/Engine_MaterialFunctions02/WorldPositionOffset/CameraOffset.uasset" 138
"../../../Engine/Content/Functions/Engine_MaterialFunctions02/WorldPositionOffset/CameraOffset.uexp" 139
"../../../Engine/Plugins/Animation/ControlRig/Content/M_Manip.uasset" 140
"../../../Engine/Plugins/Animation/ControlRig/Content/M_Manip.uexp" 141
"../../../Engine/Content/EngineResources/GradientTexture0.uasset" 142
"../../../Engine/Content/EngineResources/GradientTexture0.uexp" 143
"../../../Engine/Content/BasicShapes/BasicShapeMaterial.uasset" 144
"../../../Engine/Content/BasicShapes/BasicShapeMaterial.uexp" 145
"../../../Engine/Content/EngineDebugMaterials/M_SimpleUnlitTranslucent.uasset" 146
"../../../Engine/Content/EngineDebugMaterials/M_SimpleUnlitTranslucent.uexp" 147
"../../../Engine/Content/EngineMaterials/DefaultMaterial.uasset" 148
"../../../Engine/Content/EngineMaterials/DefaultMaterial.uexp" 149
"../../../Engine/Content/BasicShapes/Cone.uasset" 150
"../../../Engine/Content/BasicShapes/Cone.uexp" 151
"../../../Engine/Content/Functions/Engine_MaterialFunctions02/Utility/CameraDirectionVector.uasset" 152
"../../../Engine/Content/Functions/Engine_MaterialFunctions02/Utility/CameraDirectionVector.uexp" 153
"../../../Engine/Content/EngineDebugMaterials/VolumeToRender.uasset" 154
"../../../Engine/Content/EngineDebugMaterials/VolumeToRender.uexp" 155
"../../../Engine/Content/EngineDebugMaterials/M_VolumeRenderSphereTracePP.uasset" 156
"../../../Engine/Content/EngineDebugMaterials/M_VolumeRenderSphereTracePP.uexp" 157
"../../../Engine/Content/BasicShapes/Cube.uasset" 158
"../../../Engine/Content/BasicShapes/Cube.uexp" 159
"../../../Engine/Content/EngineResources/LandscapeVisibilityLayerInfo.uasset" 160
"../../../Engine/Content/EngineResources/LandscapeVisibilityLayerInfo.uexp" 161
"../../../Engine/Content/BasicShapes/Cylinder.uasset" 162
"../../../Engine/Content/BasicShapes/Cylinder.uexp" 163
"../../../Engine/Content/EditorResources/BSPVertex.uasset" 164
"../../../Engine/Content/EditorResources/BSPVertex.uexp" 165
"../../../Engine/Content/EngineMaterials/MiniFont.uasset" 166
"../../../Engine/Content/EngineMaterials/MiniFont.uexp" 167
"../../../Engine/Content/EngineMaterials/InvalidLightmapSettings.uasset" 168
"../../../Engine/Content/EngineMaterials/InvalidLightmapSettings.uexp" 169
"../../../Engine/Content/EngineMaterials/M_InvalidLightmapSettings.uasset" 170
"../../../Engine/Content/EngineMaterials/M_InvalidLightmapSettings.uexp" 171
"../../../Engine/Content/EngineMaterials/NaniteHiddenSectionMaterial.uasset" 172
"../../../Engine/Content/EngineMaterials/NaniteHiddenSectionMaterial.uexp" 173
"../../../Engine/Content/BasicShapes/Plane.uasset" 174
"../../../Engine/Content/BasicShapes/Plane.uexp" 175
"../../../Engine/Content/Functions/Engine_MaterialFunctions02/Utility/MakeFloat3.uasset" 176
"../../../Engine/Content/Functions/Engine_MaterialFunctions02/Utility/MakeFloat3.uexp" 177
"../../../Engine/Content/Functions/Engine_MaterialFunctions02/SplitComponents.uasset" 178
"../../../Engine/Content/Functions/Engine_MaterialFunctions02/SplitComponents.uexp" 179
"../../../Engine/Content/Functions/Engine_MaterialFunctions02/Utility/BreakOutFloat3Components.uasset" 180
"../../../Engine/Content/Functions/Engine_MaterialFunctions02/Utility/BreakOutFloat3Components.uexp" 181
"../../../Engine/Content/Functions/Engine_MaterialFunctions02/Math/Transform3x3Matrix.uasset" 182
"../../../Engine/Content/Functions/Engine_MaterialFunctions02/Math/Transform3x3Matrix.uexp" 183
"../../../Engine/Content/VREditor/SnapGrid/SnapGridMaterial.uasset" 184
"../../../Engine/Content/VREditor/SnapGrid/SnapGridMaterial.uexp" 185
"../../../Engine/Content/VREditor/SnapGrid/SnapGridPlaneMesh.uasset" 186
"../../../Engine/Content/VREditor/SnapGrid/SnapGridPlaneMesh.uexp" 187
"../../../Engine/Content/VREditor/LaserPointer/VR_LaserPower_01.uasset" 188
"../../../Engine/Content/VREditor/LaserPointer/VR_LaserPower_01.uexp" 189
"../../../Engine/Content/VREditor/TransformGizmo/TransformGizmoMaterial.uasset" 190
"../../../Engine/Content/VREditor/TransformGizmo/TransformGizmoMaterial.uexp" 191
"../../../Engine/Content/VREditor/TransformGizmo/TranslucentTransformGizmoMaterial.uasset" 192
"../../../Engine/Content/VREditor/TransformGizmo/TranslucentTransformGizmoMaterial.uexp" 193
"../../../Engine/Content/VREditor/TransformGizmo/PlaneTranslationHandle.uasset" 194
"../../../Engine/Content/VREditor/TransformGizmo/PlaneTranslationHandle.uexp" 195
"../../../Engine/Content/VREditor/TransformGizmo/RotationHandleFull.uasset" 196
"../../../Engine/Content/VREditor/TransformGizmo/RotationHandleFull.uexp" 197
"../../../Engine/Content/VREditor/TransformGizmo/RotationHandleIndicator.uasset" 198
"../../../Engine/Content/VREditor/TransformGizmo/RotationHandleIndicator.uexp" 199
"../../../Engine/Content/VREditor/TransformGizmo/RotationHandleQuarter.uasset" 200
"../../../Engine/Content/VREditor/TransformGizmo/RotationHandleQuarter.uexp" 201
"../../../Engine/Content/VREditor/TransformGizmo/StartRotationHandleIndicator.uasset" 202
"../../../Engine/Content/VREditor/TransformGizmo/StartRotationHandleIndicator.uexp" 203
"../../../Engine/Content/VREditor/TransformGizmo/TranslucentTransformGizmoMaterial_Inst.uasset" 204
"../../../Engine/Content/VREditor/TransformGizmo/TranslucentTransformGizmoMaterial_Inst.uexp" 205
"../../../Engine/Content/VREditor/TransformGizmo/TransformGizmoFreeRotation.uasset" 206
"../../../Engine/Content/VREditor/TransformGizmo/TransformGizmoFreeRotation.uexp" 207
"../../../Engine/Content/VREditor/TransformGizmo/TransformGizmoMaterial_Inst.uasset" 208
"../../../Engine/Content/VREditor/TransformGizmo/TransformGizmoMaterial_Inst.uexp" 209
"../../../Engine/Content/VREditor/TransformGizmo/TranslateArrowHandle.uasset" 210
"../../../Engine/Content/VREditor/TransformGizmo/TranslateArrowHandle.uexp" 211
"../../../Engine/Content/VREditor/TransformGizmo/UniformScaleHandle.uasset" 212
"../../../Engine/Content/VREditor/TransformGizmo/UniformScaleHandle.uexp" 213
"../../../Engine/Content/VREditor/Sounds/UI/Drop_Item_From_ContentBrowser.uasset" 214
"../../../Engine/Content/VREditor/Sounds/UI/Drop_Item_From_ContentBrowser.uexp" 215
"../../../Engine/Content/VREditor/Sounds/UI/Gizmo_Handle_Clicked.uasset" 216
"../../../Engine/Content/VREditor/Sounds/UI/Gizmo_Handle_Clicked.uexp" 217
"../../../Engine/Content/VREditor/Sounds/UI/Object_PickUp.uasset" 218
"../../../Engine/Content/VREditor/Sounds/UI/Object_PickUp.uexp" 219
"../../../Engine/Content/VREditor/Sounds/UI/Object_Snaps_To_Another_Actor.uasset" 220
"../../../Engine/Content/VREditor/Sounds/UI/Object_Snaps_To_Another_Actor.uexp" 221
"../../../Engine/Content/VREditor/Sounds/UI/Object_Snaps_To_Grid.uasset" 222
"../../../Engine/Content/VREditor/Sounds/UI/Object_Snaps_To_Grid.uexp" 223
"../../../Engine/Content/VREditor/Sounds/UI/Scaling_Down.uasset" 224
"../../../Engine/Content/VREditor/Sounds/UI/Scaling_Down.uexp" 225
"../../../Engine/Content/VREditor/Sounds/UI/Scaling_Up.uasset" 226
"../../../Engine/Content/VREditor/Sounds/UI/Scaling_Up.uexp" 227
"../../../Engine/Content/VREditor/Sounds/UI/Selection_Changes.uasset" 228
"../../../Engine/Content/VREditor/Sounds/UI/Selection_Changes.uexp" 229
"../../../Engine/Plugins/Media/MediaPlate/Content/SM_MediaPlateScreen.uasset" 230
"../../../Engine/Plugins/Media/MediaPlate/Content/SM_MediaPlateScreen.uexp" 231
"../../../Engine/Content/BasicShapes/Sphere.uasset" 232
"../../../Engine/Content/BasicShapes/Sphere.uexp" 233
"../../../Engine/Plugins/NNE/NNEDenoiser/Content/NNEDIM_ColorAlbedoNormal_Alpha.uasset" 234
"../../../Engine/Plugins/NNE/NNEDenoiser/Content/NNEDIM_ColorAlbedoNormal_Alpha.uexp" 235
"../../../Engine/Plugins/NNE/NNEDenoiser/Content/NNEDIM_ColorAlbedoNormal_Default.uasset" 236
"../../../Engine/Plugins/NNE/NNEDenoiser/Content/NNEDIM_ColorAlbedoNormal_Default.uexp" 237
"../../../Engine/Plugins/NNE/NNEDenoiser/Content/NNEDIM_HighQuality_Alpha.uasset" 238
"../../../Engine/Plugins/NNE/NNEDenoiser/Content/NNEDIM_HighQuality_Alpha.uexp" 239
"../../../Engine/Plugins/NNE/NNEDenoiser/Content/NNEDIM_HighQuality_Default.uasset" 240
"../../../Engine/Plugins/NNE/NNEDenoiser/Content/NNEDIM_HighQuality_Default.uexp" 241
"../../../Engine/Plugins/NNE/NNEDenoiser/Content/NNEDOM_Output_Alpha.uasset" 242
"../../../Engine/Plugins/NNE/NNEDenoiser/Content/NNEDOM_Output_Alpha.uexp" 243
"../../../Engine/Plugins/NNE/NNEDenoiser/Content/NNEDOM_Output_Default.uasset" 244
"../../../Engine/Plugins/NNE/NNEDenoiser/Content/NNEDOM_Output_Default.uexp" 245
"../../../Engine/Plugins/NNE/NNEDenoiser/Content/NNEDTIM_ColorAlbedoNormal_Alpha.uasset" 246
"../../../Engine/Plugins/NNE/NNEDenoiser/Content/NNEDTIM_ColorAlbedoNormal_Alpha.uexp" 247
"../../../Engine/Plugins/NNE/NNEDenoiser/Content/NNEDTIM_ColorAlbedoNormal_Default.uasset" 248
"../../../Engine/Plugins/NNE/NNEDenoiser/Content/NNEDTIM_ColorAlbedoNormal_Default.uexp" 249
"../../../Engine/Plugins/Animation/ControlRig/Content/Controls/ControlRigGizmoMaterial.uasset" 250
"../../../Engine/Plugins/Animation/ControlRig/Content/Controls/ControlRigGizmoMaterial.uexp" 251
"../../../Engine/Plugins/NNE/NNEDenoiser/Content/NNEDTOM_Output_Alpha.uasset" 252
"../../../Engine/Plugins/NNE/NNEDenoiser/Content/NNEDTOM_Output_Alpha.uexp" 253
"../../../Engine/Plugins/NNE/NNEDenoiser/Content/NNEDTOM_Output_Default.uasset" 254
"../../../Engine/Plugins/NNE/NNEDenoiser/Content/NNEDTOM_Output_Default.uexp" 255
"../../../Engine/Content/EngineMaterials/PhAT_JointLimitMaterial.uasset" 256
"../../../Engine/Content/EngineMaterials/PhAT_JointLimitMaterial.uexp" 257
"../../../Engine/Plugins/NNE/NNEDenoiser/Content/NNEDT_Oidn2-3_Balanced.uasset" 258
"../../../Engine/Plugins/NNE/NNEDenoiser/Content/NNEDT_Oidn2-3_Balanced.uexp" 259
"../../../Engine/Plugins/Animation/ControlRig/Content/Controls/ControlRigXRayMaterial.uasset" 260
"../../../Engine/Plugins/Animation/ControlRig/Content/Controls/ControlRigXRayMaterial.uexp" 261
"../../../Engine/Plugins/NNE/NNEDenoiser/Content/NNEDT_Oidn2-3_Balanced_Alpha.uasset" 262
"../../../Engine/Plugins/NNE/NNEDenoiser/Content/NNEDT_Oidn2-3_Balanced_Alpha.uexp" 263
"../../../Engine/Plugins/NNE/NNEDenoiser/Content/NNED_Oidn2-3_Balanced.uasset" 264
"../../../Engine/Plugins/NNE/NNEDenoiser/Content/NNED_Oidn2-3_Balanced.uexp" 265
"../../../Engine/Plugins/NNE/NNEDenoiser/Content/NNED_Oidn2-3_Balanced_Alpha.uasset" 266
"../../../Engine/Plugins/NNE/NNEDenoiser/Content/NNED_Oidn2-3_Balanced_Alpha.uexp" 267
"../../../Engine/Plugins/Animation/ControlRig/Content/Controls/ControlRig_Arrow2_1mm.uasset" 268
"../../../Engine/Plugins/Animation/ControlRig/Content/Controls/ControlRig_Arrow2_1mm.uexp" 269
"../../../Engine/Plugins/NNE/NNEDenoiser/Content/NNED_Oidn2-3_Fast.uasset" 270
"../../../Engine/Plugins/NNE/NNEDenoiser/Content/NNED_Oidn2-3_Fast.uexp" 271
"../../../Engine/Plugins/NNE/NNEDenoiser/Content/NNED_Oidn2-3_Fast_Alpha.uasset" 272
"../../../Engine/Plugins/NNE/NNEDenoiser/Content/NNED_Oidn2-3_Fast_Alpha.uexp" 273
"../../../Engine/Plugins/NNE/NNEDenoiser/Content/NNED_Oidn2-3_HighQuality.uasset" 274
"../../../Engine/Plugins/NNE/NNEDenoiser/Content/NNED_Oidn2-3_HighQuality.uexp" 275
"../../../Engine/Content/EngineMaterials/DefaultCalibrationColor.uasset" 276
"../../../Engine/Content/EngineMaterials/DefaultCalibrationColor.uexp" 277
"../../../Engine/Content/EngineMaterials/PPM_DefaultCalibrationColor.uasset" 278
"../../../Engine/Content/EngineMaterials/PPM_DefaultCalibrationColor.uexp" 279
"../../../Engine/Plugins/NNE/NNEDenoiser/Content/NNED_Oidn2-3_HighQuality_Alpha.uasset" 280
"../../../Engine/Plugins/NNE/NNEDenoiser/Content/NNED_Oidn2-3_HighQuality_Alpha.uexp" 281
"../../../Engine/Plugins/NNE/NNEDenoiser/Content/NNE_oidn2-3-0_rt_hdr_alb_nrm_small__dyn__fp16_opset11_DenoiseAlpha.uasset" 282
"../../../Engine/Plugins/NNE/NNEDenoiser/Content/NNE_oidn2-3-0_rt_hdr_alb_nrm_small__dyn__fp16_opset11_DenoiseAlpha.uexp" 283
"../../../Engine/Plugins/NNE/NNEDenoiser/Content/NNE_oidn2-3-0_rt_hdr_alb_nrm_small__dyn__fp16_opset11_ForwardAlpha.uasset" 284
"../../../Engine/Plugins/NNE/NNEDenoiser/Content/NNE_oidn2-3-0_rt_hdr_alb_nrm_small__dyn__fp16_opset11_ForwardAlpha.uexp" 285
"../../../Engine/Plugins/NNE/NNEDenoiser/Content/NNE_oidn2-3-0_rt_hdr_alb_nrm__dyn__fp16_opset11_DenoiseAlpha.uasset" 286
"../../../Engine/Plugins/NNE/NNEDenoiser/Content/NNE_oidn2-3-0_rt_hdr_alb_nrm__dyn__fp16_opset11_DenoiseAlpha.uexp" 287
"../../../Engine/Plugins/NNE/NNEDenoiser/Content/NNE_oidn2-3-0_rt_hdr_alb_nrm__dyn__fp16_opset11_ForwardAlpha.uasset" 288
"../../../Engine/Plugins/NNE/NNEDenoiser/Content/NNE_oidn2-3-0_rt_hdr_alb_nrm__dyn__fp16_opset11_ForwardAlpha.uexp" 289
"../../../Engine/Plugins/Animation/ControlRig/Content/Controls/ControlRig_Arrow2_3mm.uasset" 290
"../../../Engine/Plugins/Animation/ControlRig/Content/Controls/ControlRig_Arrow2_3mm.uexp" 291
"../../../Engine/Content/EngineMaterials/DefaultCalibrationGrayscale.uasset" 292
"../../../Engine/Content/EngineMaterials/DefaultCalibrationGrayscale.uexp" 293
"../../../Engine/Content/EngineMaterials/PPM_DefaultCalibrationGrayscale.uasset" 294
"../../../Engine/Content/EngineMaterials/PPM_DefaultCalibrationGrayscale.uexp" 295
"../../../Engine/Plugins/NNE/NNEDenoiser/Content/NNE_oidn2-3-0_rt_hdr_calb_cnrm_large__dyn__fp16_opset11_DenoiseAlpha.uasset" 296
"../../../Engine/Plugins/NNE/NNEDenoiser/Content/NNE_oidn2-3-0_rt_hdr_calb_cnrm_large__dyn__fp16_opset11_DenoiseAlpha.uexp" 297
"../../../Engine/Plugins/NNE/NNEDenoiser/Content/NNE_oidn2-3-0_rt_hdr_calb_cnrm_large__dyn__fp16_opset11_ForwardAlpha.uasset" 298
"../../../Engine/Plugins/NNE/NNEDenoiser/Content/NNE_oidn2-3-0_rt_hdr_calb_cnrm_large__dyn__fp16_opset11_ForwardAlpha.uexp" 299
"../../../Engine/Plugins/Animation/ControlRig/Content/Controls/ControlRig_Arrow2_solid.uasset" 300
"../../../Engine/Plugins/Animation/ControlRig/Content/Controls/ControlRig_Arrow2_solid.uexp" 301
"../../../Engine/Plugins/Animation/ControlRig/Content/Controls/ControlRig_Arrow4_1mm.uasset" 302
"../../../Engine/Plugins/Animation/ControlRig/Content/Controls/ControlRig_Arrow4_1mm.uexp" 303
"../../../Engine/Content/EngineMaterials/PreintegratedSkinBRDF.uasset" 304
"../../../Engine/Content/EngineMaterials/PreintegratedSkinBRDF.uexp" 305
"../../../Engine/Content/EditorResources/S_Actor.uasset" 306
"../../../Engine/Content/EditorResources/S_Actor.uexp" 307
"../../../Engine/Plugins/Runtime/CommonUI/Content/DefaultMediaTexture.uasset" 308
"../../../Engine/Plugins/Runtime/CommonUI/Content/DefaultMediaTexture.uexp" 309
"../../../Engine/Plugins/Runtime/CommonUI/Content/VideoPlayerMaterial.uasset" 310
"../../../Engine/Plugins/Runtime/CommonUI/Content/VideoPlayerMaterial.uexp" 311
"../../../Engine/Plugins/Animation/ControlRig/Content/Controls/ControlRig_Arrow4_3mm.uasset" 312
"../../../Engine/Plugins/Animation/ControlRig/Content/Controls/ControlRig_Arrow4_3mm.uexp" 313
"../../../Engine/Plugins/Animation/DeformerGraph/Content/DeformerFunctions/DG_Function_LinearBlendSkin_Morph_Cloth.uasset" 314
"../../../Engine/Plugins/Animation/DeformerGraph/Content/DeformerFunctions/DG_Function_LinearBlendSkin_Morph_Cloth.uexp" 315
"../../../Engine/Plugins/Animation/DeformerGraph/Content/Deformers/DG_LinearBlendSkin_Morph_Cloth.uasset" 316
"../../../Engine/Plugins/Animation/DeformerGraph/Content/Deformers/DG_LinearBlendSkin_Morph_Cloth.uexp" 317
"../../../Engine/Plugins/Animation/DeformerGraph/Content/DeformerFunctions/DG_Function_ComputeNormalsTangents.uasset" 318
"../../../Engine/Plugins/Animation/DeformerGraph/Content/DeformerFunctions/DG_Function_ComputeNormalsTangents.uexp" 319
"../../../Engine/Plugins/Animation/DeformerGraph/Content/DeformerFunctions/DG_Function_LinearBlendSkin_Morph_Cloth_PositionOnly.uasset" 320
"../../../Engine/Plugins/Animation/DeformerGraph/Content/DeformerFunctions/DG_Function_LinearBlendSkin_Morph_Cloth_PositionOnly.uexp" 321
"../../../Engine/Plugins/Animation/DeformerGraph/Content/Deformers/DG_LinearBlendSkin_Morph_Cloth_RecomputeNormals.uasset" 322
"../../../Engine/Plugins/Animation/DeformerGraph/Content/Deformers/DG_LinearBlendSkin_Morph_Cloth_RecomputeNormals.uexp" 323
"../../../Engine/Plugins/Animation/ControlRig/Content/Controls/ControlRig_Arrow4_solid.uasset" 324
"../../../Engine/Plugins/Animation/ControlRig/Content/Controls/ControlRig_Arrow4_solid.uexp" 325
"../../../Engine/Content/EditorResources/S_BoxReflectionCapture.uasset" 326
"../../../Engine/Content/EditorResources/S_BoxReflectionCapture.uexp" 327
"../../../Engine/Plugins/Animation/ControlRig/Content/Controls/ControlRig_Arrow_1mm.uasset" 328
"../../../Engine/Plugins/Animation/ControlRig/Content/Controls/ControlRig_Arrow_1mm.uexp" 329
"../../../Engine/Plugins/Animation/ControlRig/Content/Controls/ControlRig_Arrow_3mm.uasset" 330
"../../../Engine/Plugins/Animation/ControlRig/Content/Controls/ControlRig_Arrow_3mm.uexp" 331
"../../../Engine/Plugins/Animation/ControlRig/Content/Controls/ControlRig_Arrow_solid.uasset" 332
"../../../Engine/Plugins/Animation/ControlRig/Content/Controls/ControlRig_Arrow_solid.uexp" 333
"../../../Engine/Plugins/Animation/ControlRig/Content/Controls/ControlRig_Box_1mm.uasset" 334
"../../../Engine/Plugins/Animation/ControlRig/Content/Controls/ControlRig_Box_1mm.uexp" 335
"../../../Engine/Plugins/Animation/ControlRig/Content/Controls/ControlRig_Box_3mm.uasset" 336
"../../../Engine/Plugins/Animation/ControlRig/Content/Controls/ControlRig_Box_3mm.uexp" 337
"../../../Engine/Content/EngineMaterials/RemoveSurfaceMaterial.uasset" 338
"../../../Engine/Content/EngineMaterials/RemoveSurfaceMaterial.uexp" 339
"../../../Engine/Plugins/Animation/ControlRig/Content/Controls/ControlRig_Box_solid.uasset" 340
"../../../Engine/Plugins/Animation/ControlRig/Content/Controls/ControlRig_Box_solid.uexp" 341
"../../../Engine/Content/EditorMaterials/PhAT_NoCollisionMaterial.uasset" 342
"../../../Engine/Content/EditorMaterials/PhAT_NoCollisionMaterial.uexp" 343
"../../../Engine/Plugins/Animation/ControlRig/Content/Controls/ControlRig_Circle_1mm.uasset" 344
"../../../Engine/Plugins/Animation/ControlRig/Content/Controls/ControlRig_Circle_1mm.uexp" 345
"C:/Projects/FracturedStars/Content/Core/GI_FracturedStarsGameInstance.uasset" 346
"C:/Projects/FracturedStars/Content/Core/GI_FracturedStarsGameInstance.uexp" 347
"../../../Engine/Content/EditorMaterials/PhAT_UnselectedMaterial.uasset" 348
"../../../Engine/Content/EditorMaterials/PhAT_UnselectedMaterial.uexp" 349
"../../../Engine/Content/EngineMaterials/SMAAAreaTex.uasset" 350
"../../../Engine/Content/EngineMaterials/SMAAAreaTex.uexp" 351
"../../../Engine/Plugins/Animation/ControlRig/Content/Controls/ControlRig_Circle_3mm.uasset" 352
"../../../Engine/Plugins/Animation/ControlRig/Content/Controls/ControlRig_Circle_3mm.uexp" 353
"../../../Engine/Content/EngineMaterials/SMAASearchTex.uasset" 354
"../../../Engine/Content/EngineMaterials/SMAASearchTex.uexp" 355
"../../../Engine/Plugins/Animation/ControlRig/Content/Controls/ControlRig_Circle_solid.uasset" 356
"../../../Engine/Plugins/Animation/ControlRig/Content/Controls/ControlRig_Circle_solid.uexp" 357
"../../../Engine/Content/EditorMaterials/PreviewShadowIndicator.uasset" 358
"../../../Engine/Content/EditorMaterials/PreviewShadowIndicator.uexp" 359
"../../../Engine/Content/EditorMaterials/PreviewShadowIndicatorMaterial.uasset" 360
"../../../Engine/Content/EditorMaterials/PreviewShadowIndicatorMaterial.uexp" 361
"C:/Projects/FracturedStars/Content/Input/IA_CameraPan.uasset" 362
"C:/Projects/FracturedStars/Content/Input/IA_CameraPan.uexp" 363
"C:/Projects/FracturedStars/Content/Input/IA_CameraRotate.uasset" 364
"C:/Projects/FracturedStars/Content/Input/IA_CameraRotate.uexp" 365
"C:/Projects/FracturedStars/Content/Input/IA_CameraZoom.uasset" 366
"C:/Projects/FracturedStars/Content/Input/IA_CameraZoom.uexp" 367
"C:/Projects/FracturedStars/Content/Input/IA_Click.uasset" 368
"C:/Projects/FracturedStars/Content/Input/IA_Click.uexp" 369
"C:/Projects/FracturedStars/Content/Input/IA_DebugPrintPlayerInfo.uasset" 370
"C:/Projects/FracturedStars/Content/Input/IA_DebugPrintPlayerInfo.uexp" 371
"C:/Projects/FracturedStars/Content/Input/IA_FocusOnPlayerShip.uasset" 372
"C:/Projects/FracturedStars/Content/Input/IA_FocusOnPlayerShip.uexp" 373
"C:/Projects/FracturedStars/Content/Input/IA_FocusOnSelectedSystem.uasset" 374
"C:/Projects/FracturedStars/Content/Input/IA_FocusOnSelectedSystem.uexp" 375
"C:/Projects/FracturedStars/Content/Input/IA_RightClick.uasset" 376
"C:/Projects/FracturedStars/Content/Input/IA_RightClick.uexp" 377
"C:/Projects/FracturedStars/Content/Input/IA_ToggleDebugUI.uasset" 378
"C:/Projects/FracturedStars/Content/Input/IA_ToggleDebugUI.uexp" 379
"C:/Projects/FracturedStars/Content/Input/DA_FracturedStarsIC.uasset" 380
"C:/Projects/FracturedStars/Content/Input/DA_FracturedStarsIC.uexp" 381
"C:/Projects/FracturedStars/Content/Input/IMC_FracturedStars.uasset" 382
"C:/Projects/FracturedStars/Content/Input/IMC_FracturedStars.uexp" 383
"C:/Projects/FracturedStars/Content/UI/WBP_MainHUD.uasset" 384
"C:/Projects/FracturedStars/Content/UI/WBP_MainHUD.uexp" 385
"C:/Projects/FracturedStars/Content/Player/BP_FSPlayerController.uasset" 386
"C:/Projects/FracturedStars/Content/Player/BP_FSPlayerController.uexp" 387
"C:/Projects/FracturedStars/Content/Player/BP_UniverseCameraPawn.uasset" 388
"C:/Projects/FracturedStars/Content/Player/BP_UniverseCameraPawn.uexp" 389
"C:/Projects/FracturedStars/Content/Core/GM_FracturedStarsGameMode.uasset" 390
"C:/Projects/FracturedStars/Content/Core/GM_FracturedStarsGameMode.uexp" 391
"../../../Engine/Plugins/Animation/ControlRig/Content/Controls/ControlRig_Diamond_1mm.uasset" 392
"../../../Engine/Plugins/Animation/ControlRig/Content/Controls/ControlRig_Diamond_1mm.uexp" 393
"../../../Engine/Plugins/Animation/ControlRig/Content/Controls/ControlRig_Diamond_3mm.uasset" 394
"../../../Engine/Plugins/Animation/ControlRig/Content/Controls/ControlRig_Diamond_3mm.uexp" 395
"../../../Engine/Plugins/Animation/ControlRig/Content/Controls/ControlRig_Diamond_solid.uasset" 396
"../../../Engine/Plugins/Animation/ControlRig/Content/Controls/ControlRig_Diamond_solid.uexp" 397
"../../../Engine/Plugins/Animation/ControlRig/Content/Controls/ControlRig_HalfCircle_1mm.uasset" 398
"../../../Engine/Plugins/Animation/ControlRig/Content/Controls/ControlRig_HalfCircle_1mm.uexp" 399
"../../../Engine/Plugins/Animation/ControlRig/Content/Controls/ControlRig_HalfCircle_3mm.uasset" 400
"../../../Engine/Plugins/Animation/ControlRig/Content/Controls/ControlRig_HalfCircle_3mm.uexp" 401
"../../../Engine/Plugins/Animation/ControlRig/Content/Controls/ControlRig_HalfCircle_solid.uasset" 402
"../../../Engine/Plugins/Animation/ControlRig/Content/Controls/ControlRig_HalfCircle_solid.uexp" 403
"../../../Engine/Content/Functions/Engine_MaterialFunctions02/Utility/VectorLength.uasset" 404
"../../../Engine/Content/Functions/Engine_MaterialFunctions02/Utility/VectorLength.uexp" 405
"../../../Engine/Content/Functions/Engine_MaterialFunctions02/WorldPositionOffset/ObjectScale.uasset" 406
"../../../Engine/Content/Functions/Engine_MaterialFunctions02/WorldPositionOffset/ObjectScale.uexp" 407
"../../../Engine/Plugins/Editor/SpeedTreeImporter/Content/SpeedTree9/Empty.uasset" 408
"../../../Engine/Plugins/Editor/SpeedTreeImporter/Content/SpeedTree9/Empty.uexp" 409
"../../../Engine/Plugins/Editor/SpeedTreeImporter/Content/SpeedTree9/EmptyNormal.uasset" 410
"../../../Engine/Plugins/Editor/SpeedTreeImporter/Content/SpeedTree9/EmptyNormal.uexp" 411
"../../../Engine/Plugins/Editor/SpeedTreeImporter/Content/SpeedTree9/game_wind_noise.uasset" 412
"../../../Engine/Plugins/Editor/SpeedTreeImporter/Content/SpeedTree9/game_wind_noise.uexp" 413
"../../../Engine/Plugins/Editor/SpeedTreeImporter/Content/SpeedTree9/SpeedTreeBillboard.uasset" 414
"../../../Engine/Plugins/Editor/SpeedTreeImporter/Content/SpeedTree9/SpeedTreeBillboard.uexp" 415
"../../../Engine/Content/Functions/Engine_MaterialFunctions02/SafeNormalize.uasset" 416
"../../../Engine/Content/Functions/Engine_MaterialFunctions02/SafeNormalize.uexp" 417
"../../../Engine/Plugins/Editor/SpeedTreeImporter/Content/SpeedTree9/SpeedTreeWindMotion.uasset" 418
"../../../Engine/Plugins/Editor/SpeedTreeImporter/Content/SpeedTree9/SpeedTreeWindMotion.uexp" 419
"../../../Engine/Plugins/Editor/SpeedTreeImporter/Content/SpeedTree9/UnpackDirection.uasset" 420
"../../../Engine/Plugins/Editor/SpeedTreeImporter/Content/SpeedTree9/UnpackDirection.uexp" 421
"../../../Engine/Plugins/Editor/SpeedTreeImporter/Content/SpeedTree9/UnpackInteger3.uasset" 422
"../../../Engine/Plugins/Editor/SpeedTreeImporter/Content/SpeedTree9/UnpackInteger3.uexp" 423
"../../../Engine/Plugins/Editor/SpeedTreeImporter/Content/SpeedTree9/SpeedTreeBranchMotion.uasset" 424
"../../../Engine/Plugins/Editor/SpeedTreeImporter/Content/SpeedTree9/SpeedTreeBranchMotion.uexp" 425
"../../../Engine/Content/Functions/Engine_MaterialFunctions02/ObjectLocalBounds.uasset" 426
"../../../Engine/Content/Functions/Engine_MaterialFunctions02/ObjectLocalBounds.uexp" 427
"../../../Engine/Content/Functions/Engine_MaterialFunctions02/UVs/BoundingBoxBased_0-1_UVW.uasset" 428
"../../../Engine/Content/Functions/Engine_MaterialFunctions02/UVs/BoundingBoxBased_0-1_UVW.uexp" 429
"../../../Engine/Plugins/Editor/SpeedTreeImporter/Content/SpeedTree9/SpeedTreeWind.uasset" 430
"../../../Engine/Plugins/Editor/SpeedTreeImporter/Content/SpeedTree9/SpeedTreeWind.uexp" 431
"../../../Engine/Plugins/Editor/SpeedTreeImporter/Content/SpeedTree9/SpeedTreeBillboardMaster.uasset" 432
"../../../Engine/Plugins/Editor/SpeedTreeImporter/Content/SpeedTree9/SpeedTreeBillboardMaster.uexp" 433
"../../../Engine/Plugins/Experimental/MeshModelingToolsetExp/Content/Materials/GetDisplacementVectorForDepthBias.uasset" 434
"../../../Engine/Plugins/Experimental/MeshModelingToolsetExp/Content/Materials/GetDisplacementVectorForDepthBias.uexp" 435
"../../../Engine/Content/Functions/Engine_MaterialFunctions03/Viewport/MF_OrthoWidth.uasset" 436
"../../../Engine/Content/Functions/Engine_MaterialFunctions03/Viewport/MF_OrthoWidth.uexp" 437
"../../../Engine/Content/Functions/Engine_MaterialFunctions02/Utility/FOV.uasset" 438
"../../../Engine/Content/Functions/Engine_MaterialFunctions02/Utility/FOV.uexp" 439
"../../../Engine/Content/Functions/Engine_MaterialFunctions02/WorldPositionOffset/V2/ObjectScale.uasset" 440
"../../../Engine/Content/Functions/Engine_MaterialFunctions02/WorldPositionOffset/V2/ObjectScale.uexp" 441
"../../../Engine/Plugins/Experimental/MeshModelingToolsetExp/Content/Materials/PointSetOverlaidComponentMaterial.uasset" 442
"../../../Engine/Plugins/Experimental/MeshModelingToolsetExp/Content/Materials/PointSetOverlaidComponentMaterial.uexp" 443
"../../../Engine/Plugins/Animation/ControlRig/Content/Controls/ControlRig_Hexagon_1mm.uasset" 444
"../../../Engine/Plugins/Animation/ControlRig/Content/Controls/ControlRig_Hexagon_1mm.uexp" 445
"../../../Engine/Plugins/Animation/ControlRig/Content/Controls/ControlRig_Hexagon_3mm.uasset" 446
"../../../Engine/Plugins/Animation/ControlRig/Content/Controls/ControlRig_Hexagon_3mm.uexp" 447
"../../../Engine/Plugins/Editor/SpeedTreeImporter/Content/SpeedTree9/SpeedTreeCameraFacing.uasset" 448
"../../../Engine/Plugins/Editor/SpeedTreeImporter/Content/SpeedTree9/SpeedTreeCameraFacing.uexp" 449
"../../../Engine/Plugins/Editor/SpeedTreeImporter/Content/SpeedTree9/SpeedTreeMaster.uasset" 450
"../../../Engine/Plugins/Editor/SpeedTreeImporter/Content/SpeedTree9/SpeedTreeMaster.uexp" 451
"../../../Engine/Content/EditorLandscapeResources/ColorMaskBrushMaterial.uasset" 452
"../../../Engine/Content/EditorLandscapeResources/ColorMaskBrushMaterial.uexp" 453
"../../../Engine/Content/EditorLandscapeResources/ColorMaskBrushMaterial_MaskedRegion.uasset" 454
"../../../Engine/Content/EditorLandscapeResources/ColorMaskBrushMaterial_MaskedRegion.uexp" 455
"../../../Engine/Plugins/Animation/ControlRig/Content/Controls/ControlRig_Hexagon_solid.uasset" 456
"../../../Engine/Plugins/Animation/ControlRig/Content/Controls/ControlRig_Hexagon_solid.uexp" 457
"../../../Engine/Plugins/Animation/ControlRig/Content/Controls/ControlRig_Octagon_1mm.uasset" 458
"../../../Engine/Plugins/Animation/ControlRig/Content/Controls/ControlRig_Octagon_1mm.uexp" 459
"../../../Engine/Plugins/Animation/ControlRig/Content/Controls/ControlRig_Octagon_3mm.uasset" 460
"../../../Engine/Plugins/Animation/ControlRig/Content/Controls/ControlRig_Octagon_3mm.uexp" 461
"../../../Engine/Plugins/Animation/ControlRig/Content/Controls/ControlRig_Octagon_solid.uasset" 462
"../../../Engine/Plugins/Animation/ControlRig/Content/Controls/ControlRig_Octagon_solid.uexp" 463
"../../../Engine/Plugins/Interchange/Assets/Content/Functions/MX_SheenBSDF.uasset" 464
"../../../Engine/Plugins/Interchange/Assets/Content/Functions/MX_SheenBSDF.uexp" 465
"../../../Engine/Content/EditorResources/S_Solver.uasset" 466
"../../../Engine/Content/EditorResources/S_Solver.uexp" 467
"../../../Engine/Plugins/Animation/ControlRig/Content/Controls/ControlRig_Pyramid_1mm.uasset" 468
"../../../Engine/Plugins/Animation/ControlRig/Content/Controls/ControlRig_Pyramid_1mm.uexp" 469
"../../../Engine/Content/EditorLandscapeResources/LandscapeDirtyMaterial.uasset" 470
"../../../Engine/Content/EditorLandscapeResources/LandscapeDirtyMaterial.uexp" 471
"../../../Engine/Plugins/Animation/ControlRig/Content/Controls/ControlRig_Pyramid_3mm.uasset" 472
"../../../Engine/Plugins/Animation/ControlRig/Content/Controls/ControlRig_Pyramid_3mm.uexp" 473
"../../../Engine/Content/EngineMaterials/WeightMapPlaceholderTexture.uasset" 474
"../../../Engine/Content/EngineMaterials/WeightMapPlaceholderTexture.uexp" 475
"../../../Engine/Content/EngineMaterials/WeightMapArrayPlaceholderTexture.uasset" 476
"../../../Engine/Content/EngineMaterials/WeightMapArrayPlaceholderTexture.uexp" 477
"../../../Engine/Plugins/Interchange/Assets/Content/Functions/MX_AbsorptionVDF.uasset" 478
"../../../Engine/Plugins/Interchange/Assets/Content/Functions/MX_AbsorptionVDF.uexp" 479
"../../../Engine/Plugins/Animation/ControlRig/Content/Controls/ControlRig_Pyramid_solid.uasset" 480
"../../../Engine/Plugins/Animation/ControlRig/Content/Controls/ControlRig_Pyramid_solid.uexp" 481
"../../../Engine/Content/EditorResources/S_Terrain.uasset" 482
"../../../Engine/Content/EditorResources/S_Terrain.uexp" 483
"../../../Engine/Plugins/Interchange/Assets/Content/Functions/MX_SubsurfaceBSDF.uasset" 484
"../../../Engine/Plugins/Interchange/Assets/Content/Functions/MX_SubsurfaceBSDF.uexp" 485
"../../../Engine/Plugins/Animation/ControlRig/Content/Controls/ControlRig_QuarterCircle_1mm.uasset" 486
"../../../Engine/Plugins/Animation/ControlRig/Content/Controls/ControlRig_QuarterCircle_1mm.uexp" 487
"../../../Engine/Plugins/Animation/ControlRig/Content/Controls/ControlRig_QuarterCircle_3mm.uasset" 488
"../../../Engine/Plugins/Animation/ControlRig/Content/Controls/ControlRig_QuarterCircle_3mm.uexp" 489
"../../../Engine/Plugins/Interchange/Assets/Content/Functions/MX_Surface.uasset" 490
"../../../Engine/Plugins/Interchange/Assets/Content/Functions/MX_Surface.uexp" 491
"../../../Engine/Content/EngineResources/WhiteSquareTexture.uasset" 492
"../../../Engine/Content/EngineResources/WhiteSquareTexture.uexp" 493
"../../../Engine/Content/EngineMaterials/Widget3DPassThrough.uasset" 494
"../../../Engine/Content/EngineMaterials/Widget3DPassThrough.uexp" 495
"../../../Engine/Content/EngineMaterials/Widget3DPassThrough_Masked.uasset" 496
"../../../Engine/Content/EngineMaterials/Widget3DPassThrough_Masked.uexp" 497
"../../../Engine/Content/EngineMaterials/Widget3DPassThrough_Opaque.uasset" 498
"../../../Engine/Content/EngineMaterials/Widget3DPassThrough_Opaque.uexp" 499
"../../../Engine/Content/EngineMaterials/Widget3DPassThrough_Masked_OneSided.uasset" 500
"../../../Engine/Content/EngineMaterials/Widget3DPassThrough_Masked_OneSided.uexp" 501
"../../../Engine/Plugins/Interchange/Assets/Content/Functions/MX_SurfaceUnlit.uasset" 502
"../../../Engine/Plugins/Interchange/Assets/Content/Functions/MX_SurfaceUnlit.uexp" 503
"../../../Engine/Plugins/Interchange/Assets/Content/Functions/MX_AnisotropicVDF.uasset" 504
"../../../Engine/Plugins/Interchange/Assets/Content/Functions/MX_AnisotropicVDF.uexp" 505
"../../../Engine/Content/EngineMaterials/Widget3DPassThrough_Opaque_OneSided.uasset" 506
"../../../Engine/Content/EngineMaterials/Widget3DPassThrough_Opaque_OneSided.uexp" 507
"../../../Engine/Content/EditorResources/S_Trigger.uasset" 508
"../../../Engine/Content/EditorResources/S_Trigger.uexp" 509
"../../../Engine/Plugins/Animation/ControlRig/Content/Controls/ControlRig_QuarterCircle_solid.uasset" 510
"../../../Engine/Plugins/Animation/ControlRig/Content/Controls/ControlRig_QuarterCircle_solid.uexp" 511
"../../../Engine/Content/EngineMaterials/Widget3DPassThrough_Translucent.uasset" 512
"../../../Engine/Content/EngineMaterials/Widget3DPassThrough_Translucent.uexp" 513
"../../../Engine/Content/EngineMaterials/Widget3DPassThrough_Translucent_OneSided.uasset" 514
"../../../Engine/Content/EngineMaterials/Widget3DPassThrough_Translucent_OneSided.uexp" 515
"../../../Engine/Content/EditorResources/S_TriggerBox.uasset" 516
"../../../Engine/Content/EditorResources/S_TriggerBox.uexp" 517
"../../../Engine/Content/EngineMaterials/DefaultDiffuse.uasset" 518
"../../../Engine/Content/EngineMaterials/DefaultDiffuse.uexp" 519
"../../../Engine/Content/Functions/Engine_MaterialFunctions01/Texturing/TextureCropping.uasset" 520
"../../../Engine/Content/Functions/Engine_MaterialFunctions01/Texturing/TextureCropping.uexp" 521
"../../../Engine/Content/Functions/Engine_MaterialFunctions02/ExampleContent/DebugNumberStrip.uasset" 522
"../../../Engine/Content/Functions/Engine_MaterialFunctions02/ExampleContent/DebugNumberStrip.uexp" 523
"../../../Engine/Content/Functions/Engine_MaterialFunctions01/Debug/DebugIntValues.uasset" 524
"../../../Engine/Content/Functions/Engine_MaterialFunctions01/Debug/DebugIntValues.uexp" 525
"../../../Engine/Content/Functions/Engine_MaterialFunctions02/Utility/BreakOutFloat2Components.uasset" 526
"../../../Engine/Content/Functions/Engine_MaterialFunctions02/Utility/BreakOutFloat2Components.uexp" 527
"../../../Engine/Content/Functions/Engine_MaterialFunctions01/Texturing/ScaleUVsByCenter.uasset" 528
"../../../Engine/Content/Functions/Engine_MaterialFunctions01/Texturing/ScaleUVsByCenter.uexp" 529
"../../../Engine/Content/Functions/Engine_MaterialFunctions02/WorldPositionOffset/LocalPosition.uasset" 530
"../../../Engine/Content/Functions/Engine_MaterialFunctions02/WorldPositionOffset/LocalPosition.uexp" 531
"../../../Engine/Content/EditorLandscapeResources/LandscapeLayerUsageMaterial.uasset" 532
"../../../Engine/Content/EditorLandscapeResources/LandscapeLayerUsageMaterial.uexp" 533
"../../../Engine/Plugins/Interchange/Assets/Content/Functions/MX_TranslucentBSDF.uasset" 534
"../../../Engine/Plugins/Interchange/Assets/Content/Functions/MX_TranslucentBSDF.uexp" 535
"../../../Engine/Plugins/Animation/ControlRig/Content/Controls/ControlRig_RoundedSquare_1mm.uasset" 536
"../../../Engine/Plugins/Animation/ControlRig/Content/Controls/ControlRig_RoundedSquare_1mm.uexp" 537
"../../../Engine/Plugins/Interchange/Assets/Content/Functions/MX_BurleyDiffuseBSDF.uasset" 538
"../../../Engine/Plugins/Interchange/Assets/Content/Functions/MX_BurleyDiffuseBSDF.uexp" 539
"../../../Engine/Content/EditorResources/S_TriggerCapsule.uasset" 540
"../../../Engine/Content/EditorResources/S_TriggerCapsule.uexp" 541
"../../../Engine/Plugins/Animation/ControlRig/Content/Controls/ControlRig_RoundedSquare_3mm.uasset" 542
"../../../Engine/Plugins/Animation/ControlRig/Content/Controls/ControlRig_RoundedSquare_3mm.uexp" 543
"../../../Engine/Content/EditorResources/S_TriggerSphere.uasset" 544
"../../../Engine/Content/EditorResources/S_TriggerSphere.uexp" 545
"../../../Engine/Plugins/Animation/ControlRig/Content/Controls/ControlRig_RoundedSquare_solid.uasset" 546
"../../../Engine/Plugins/Animation/ControlRig/Content/Controls/ControlRig_RoundedSquare_solid.uexp" 547
"../../../Engine/Plugins/Interchange/Assets/Content/Functions/MX_ChiangHairBSDF.uasset" 548
"../../../Engine/Plugins/Interchange/Assets/Content/Functions/MX_ChiangHairBSDF.uexp" 549
"../../../Engine/Plugins/Interchange/Assets/Content/Functions/MX_UniformEDF.uasset" 550
"../../../Engine/Plugins/Interchange/Assets/Content/Functions/MX_UniformEDF.uexp" 551
"../../../Engine/Plugins/Animation/ControlRig/Content/Controls/ControlRig_RoundedTriangle_1mm.uasset" 552
"../../../Engine/Plugins/Animation/ControlRig/Content/Controls/ControlRig_RoundedTriangle_1mm.uexp" 553
"../../../Engine/Content/EngineMaterials/DefaultBloomKernel.uasset" 554
"../../../Engine/Content/EngineMaterials/DefaultBloomKernel.uexp" 555
"../../../Engine/Plugins/Interchange/Assets/Content/Functions/MX_UsdPreviewSurface.uasset" 556
"../../../Engine/Plugins/Interchange/Assets/Content/Functions/MX_UsdPreviewSurface.uexp" 557
"../../../Engine/Content/EngineMaterials/DefaultBokeh.uasset" 558
"../../../Engine/Content/EngineMaterials/DefaultBokeh.uexp" 559
"../../../Engine/Plugins/Animation/ControlRig/Content/Controls/ControlRig_RoundedTriangle_3mm.uasset" 560
"../../../Engine/Plugins/Animation/ControlRig/Content/Controls/ControlRig_RoundedTriangle_3mm.uexp" 561
"../../../Engine/Plugins/Interchange/Assets/Content/Functions/MX_ConductorBSDF.uasset" 562
"../../../Engine/Plugins/Interchange/Assets/Content/Functions/MX_ConductorBSDF.uexp" 563
"../../../Engine/Content/EditorLandscapeResources/LayerVisMaterial.uasset" 564
"../../../Engine/Content/EditorLandscapeResources/LayerVisMaterial.uexp" 565
"../../../Engine/Plugins/Interchange/Assets/Content/Functions/MX_ConicalEDF.uasset" 566
"../../../Engine/Plugins/Interchange/Assets/Content/Functions/MX_ConicalEDF.uexp" 567
"../../../Engine/Plugins/Animation/ControlRig/Content/Controls/ControlRig_RoundedTriangle_solid.uasset" 568
"../../../Engine/Plugins/Animation/ControlRig/Content/Controls/ControlRig_RoundedTriangle_solid.uexp" 569
"../../../Engine/Plugins/Animation/ControlRig/Content/Controls/ControlRig_Sphere_1mm.uasset" 570
"../../../Engine/Plugins/Animation/ControlRig/Content/Controls/ControlRig_Sphere_1mm.uexp" 571
"../../../Engine/Content/EditorLandscapeResources/MaskBrushMaterial.uasset" 572
"../../../Engine/Content/EditorLandscapeResources/MaskBrushMaterial.uexp" 573
"../../../Engine/Content/EditorLandscapeResources/MaskBrushMaterial_MaskedRegion.uasset" 574
"../../../Engine/Content/EditorLandscapeResources/MaskBrushMaterial_MaskedRegion.uexp" 575
"../../../Engine/Plugins/Interchange/Assets/Content/Functions/MX_DielectricBSDF.uasset" 576
"../../../Engine/Plugins/Interchange/Assets/Content/Functions/MX_DielectricBSDF.uexp" 577
"../../../Engine/Plugins/Animation/ControlRig/Content/Controls/ControlRig_Sphere_3mm.uasset" 578
"../../../Engine/Plugins/Animation/ControlRig/Content/Controls/ControlRig_Sphere_3mm.uexp" 579
"../../../Engine/Plugins/Interchange/Assets/Content/Functions/MX_Displacement.uasset" 580
"../../../Engine/Plugins/Interchange/Assets/Content/Functions/MX_Displacement.uexp" 581
"../../../Engine/Plugins/Interchange/Assets/Content/Functions/MX_GeneralizedSchlickBSDF.uasset" 582
"../../../Engine/Plugins/Interchange/Assets/Content/Functions/MX_GeneralizedSchlickBSDF.uexp" 583
"../../../Engine/Plugins/Animation/ControlRig/Content/Controls/ControlRig_Sphere_solid.uasset" 584
"../../../Engine/Plugins/Animation/ControlRig/Content/Controls/ControlRig_Sphere_solid.uexp" 585
"../../../Engine/Content/EngineMaterials/DefaultDeferredDecalMaterial.uasset" 586
"../../../Engine/Content/EngineMaterials/DefaultDeferredDecalMaterial.uexp" 587
"../../../Engine/Content/EditorLandscapeResources/SelectBrushMaterial_Selected.uasset" 588
"../../../Engine/Content/EditorLandscapeResources/SelectBrushMaterial_Selected.uexp" 589
"../../../Engine/Plugins/Animation/ControlRig/Content/Controls/ControlRig_Square_1mm.uasset" 590
"../../../Engine/Plugins/Animation/ControlRig/Content/Controls/ControlRig_Square_1mm.uexp" 591
"../../../Engine/Plugins/Animation/ControlRig/Content/Controls/ControlRig_Square_3mm.uasset" 592
"../../../Engine/Plugins/Animation/ControlRig/Content/Controls/ControlRig_Square_3mm.uexp" 593
"../../../Engine/Plugins/Interchange/Assets/Content/Functions/MX_MeasuredEDF.uasset" 594
"../../../Engine/Plugins/Interchange/Assets/Content/Functions/MX_MeasuredEDF.uexp" 595
"../../../Engine/Plugins/Animation/ControlRig/Content/Controls/ControlRig_Square_solid.uasset" 596
"../../../Engine/Plugins/Animation/ControlRig/Content/Controls/ControlRig_Square_solid.uexp" 597
"../../../Engine/Plugins/Animation/ControlRig/Content/Controls/ControlRig_Star4_1mm.uasset" 598
"../../../Engine/Plugins/Animation/ControlRig/Content/Controls/ControlRig_Star4_1mm.uexp" 599
"../../../Engine/Plugins/Interchange/Assets/Content/Functions/MF_IridescenceNoLUT.uasset" 600
"../../../Engine/Plugins/Interchange/Assets/Content/Functions/MF_IridescenceNoLUT.uexp" 601
"../../../Engine/Plugins/Interchange/Assets/Content/Functions/MX_StandardSurface.uasset" 602
"../../../Engine/Plugins/Interchange/Assets/Content/Functions/MX_StandardSurface.uexp" 603
"../../../Engine/Plugins/Interchange/Assets/Content/Functions/MX_OpenPBR_Opaque.uasset" 604
"../../../Engine/Plugins/Interchange/Assets/Content/Functions/MX_OpenPBR_Opaque.uexp" 605
"../../../Engine/Plugins/Interchange/Assets/Content/Functions/MX_TransmissionSurface.uasset" 606
"../../../Engine/Plugins/Interchange/Assets/Content/Functions/MX_TransmissionSurface.uexp" 607
"../../../Engine/Plugins/Interchange/Assets/Content/Functions/MX_OpenPBR_Translucent.uasset" 608
"../../../Engine/Plugins/Interchange/Assets/Content/Functions/MX_OpenPBR_Translucent.uexp" 609
"../../../Engine/Plugins/Animation/ControlRig/Content/Controls/ControlRig_Star4_3mm.uasset" 610
"../../../Engine/Plugins/Animation/ControlRig/Content/Controls/ControlRig_Star4_3mm.uexp" 611
"../../../Engine/Content/EngineMeshes/Sphere.uasset" 612
"../../../Engine/Content/EngineMeshes/Sphere.uexp" 613
"../../../Engine/Content/EngineMaterials/DefaultLightFunctionMaterial.uasset" 614
"../../../Engine/Content/EngineMaterials/DefaultLightFunctionMaterial.uexp" 615
"../../../Engine/Plugins/Interchange/Assets/Content/Functions/MX_OrenNayarBSDF.uasset" 616
"../../../Engine/Plugins/Interchange/Assets/Content/Functions/MX_OrenNayarBSDF.uexp" 617
"../../../Engine/Plugins/Animation/ControlRig/Content/Controls/ControlRig_Star4_solid.uasset" 618
"../../../Engine/Plugins/Animation/ControlRig/Content/Controls/ControlRig_Star4_solid.uexp" 619
"../../../Engine/Content/EngineDamageTypes/DmgTypeBP_Environmental.uasset" 620
"../../../Engine/Content/EngineDamageTypes/DmgTypeBP_Environmental.uexp" 621
"../../../Engine/Plugins/Animation/ControlRig/Content/Controls/ControlRig_Triangle_1mm.uasset" 622
"../../../Engine/Plugins/Animation/ControlRig/Content/Controls/ControlRig_Triangle_1mm.uexp" 623
"../../../Engine/Plugins/Animation/ControlRig/Content/Controls/ControlRig_Triangle_3mm.uasset" 624
"../../../Engine/Plugins/Animation/ControlRig/Content/Controls/ControlRig_Triangle_3mm.uexp" 625
"../../../Engine/Content/EngineMaterials/DefaultPostProcessMaterial.uasset" 626
"../../../Engine/Content/EngineMaterials/DefaultPostProcessMaterial.uexp" 627
"../../../Engine/Content/EngineResources/Development/ZenLogo_64.uasset" 628
"../../../Engine/Content/EngineResources/Development/ZenLogo_64.uexp" 629
"../../../Engine/Content/EngineMaterials/DefaultTextMaterialOpaque.uasset" 630
"../../../Engine/Content/EngineMaterials/DefaultTextMaterialOpaque.uexp" 631
"../../../Engine/Content/EngineResources/FilmGrains/Marcie_Grain_v3_128_M2_000.uasset" 632
"../../../Engine/Content/EngineResources/FilmGrains/Marcie_Grain_v3_128_M2_000.uexp" 633
"../../../Engine/Content/EngineMaterials/DefaultWhiteGrid.uasset" 634
"../../../Engine/Content/EngineMaterials/DefaultWhiteGrid.uexp" 635
"../../../Engine/Content/EngineDebugMaterials/DebugEditorMaterial.uasset" 636
"../../../Engine/Content/EngineDebugMaterials/DebugEditorMaterial.uexp" 637
"../../../Engine/Content/EngineDebugMaterials/DebugMeshMaterial.uasset" 638
"../../../Engine/Content/EngineDebugMaterials/DebugMeshMaterial.uexp" 639
"../../../Engine/Content/EngineMaterials/DefaultWhiteGrid_Low.uasset" 640
"../../../Engine/Content/EngineMaterials/DefaultWhiteGrid_Low.uexp" 641
"../../../Engine/Content/EngineMaterials/EmissiveMeshMaterial.uasset" 642
"../../../Engine/Content/EngineMaterials/EmissiveMeshMaterial.uexp" 643
"../../../Engine/Content/EngineMaterials/FastBlueNoise_scalar_128x128x64.uasset" 644
"../../../Engine/Content/EngineMaterials/FastBlueNoise_scalar_128x128x64.uexp" 645
"../../../Engine/Content/EditorResources/SequenceRecorder/Countdown.uasset" 646
"../../../Engine/Content/EditorResources/SequenceRecorder/Countdown.uexp" 647
"../../../Engine/Content/EngineMaterials/FastBlueNoise_scalar_128x128x8.uasset" 648
"../../../Engine/Content/EngineMaterials/FastBlueNoise_scalar_128x128x8.uexp" 649
"../../../Engine/Content/VREditor/TransformGizmo/BoundingBoxCorner.uasset" 650
"../../../Engine/Content/VREditor/TransformGizmo/BoundingBoxCorner.uexp" 651
"../../../Engine/Content/EditorResources/SequenceRecorder/RecordingIndicator.uasset" 652
"../../../Engine/Content/EditorResources/SequenceRecorder/RecordingIndicator.uexp" 653
"../../../Engine/Content/EngineMaterials/FastBlueNoise_vec2_128x128x64.uasset" 654
"../../../Engine/Content/EngineMaterials/FastBlueNoise_vec2_128x128x64.uexp" 655
"../../../Engine/Plugins/Runtime/HairStrands/Content/Materials/HairCardsDefaultMaterial.uasset" 656
"../../../Engine/Plugins/Runtime/HairStrands/Content/Materials/HairCardsDefaultMaterial.uexp" 657
"../../../Engine/Content/VREditor/TransformGizmo/BoundingBoxEdge.uasset" 658
"../../../Engine/Content/VREditor/TransformGizmo/BoundingBoxEdge.uexp" 659
"../../../Engine/Content/Functions/Engine_MaterialFunctions02/Utility/MakeFloat2.uasset" 660
"../../../Engine/Content/Functions/Engine_MaterialFunctions02/Utility/MakeFloat2.uexp" 661
"../../../Engine/Content/EngineMaterials/HairColorMap.uasset" 662
"../../../Engine/Content/EngineMaterials/HairColorMap.uexp" 663
"../../../Engine/Content/EngineMaterials/HairDebugColor.uasset" 664
"../../../Engine/Content/EngineMaterials/HairDebugColor.uexp" 665
"../../../Engine/Plugins/Runtime/HairStrands/Content/Materials/HairGroupColors.uasset" 666
"../../../Engine/Plugins/Runtime/HairStrands/Content/Materials/HairGroupColors.uexp" 667
"../../../Engine/Plugins/Runtime/HairStrands/Content/Materials/HairDebugMaterial.uasset" 668
"../../../Engine/Plugins/Runtime/HairStrands/Content/Materials/HairDebugMaterial.uexp" 669
"../../../Engine/Plugins/Runtime/HairStrands/Content/Materials/HairDefaultMaterial.uasset" 670
"../../../Engine/Plugins/Runtime/HairStrands/Content/Materials/HairDefaultMaterial.uexp" 671
"../../../Engine/Plugins/Runtime/HairStrands/Content/Materials/HairMeshesDefaultMaterial.uasset" 672
"../../../Engine/Plugins/Runtime/HairStrands/Content/Materials/HairMeshesDefaultMaterial.uexp" 673
"../../../Engine/Plugins/Runtime/AudioWidgets/Content/Resources/ScrubHandleDown_Clamped.uasset" 674
"../../../Engine/Plugins/Runtime/AudioWidgets/Content/Resources/ScrubHandleDown_Clamped.uexp" 675
"../../../Engine/Plugins/Interchange/Assets/Content/Substrate/MX_SimpleVolume.uasset" 676
"../../../Engine/Plugins/Interchange/Assets/Content/Substrate/MX_SimpleVolume.uexp" 677
"../../../Engine/Content/EditorMaterials/ParticleSystems/PSysThumbnail_NoImage.uasset" 678
"../../../Engine/Content/EditorMaterials/ParticleSystems/PSysThumbnail_NoImage.uexp" 679
"../../../Engine/Content/EditorMaterials/ParticleSystems/PSysThumbnail_OOD.uasset" 680
"../../../Engine/Content/EditorMaterials/ParticleSystems/PSysThumbnail_OOD.uexp" 681
"../../../Engine/Content/EngineMaterials/EnergyConservation/Diffuse_Energy.uasset" 682
"../../../Engine/Content/EngineMaterials/EnergyConservation/Diffuse_Energy.uexp" 683
"../../../Engine/Content/EngineMaterials/EnergyConservation/GGX_ReflectionEnergy.uasset" 684
"../../../Engine/Content/EngineMaterials/EnergyConservation/GGX_ReflectionEnergy.uexp" 685
"../../../Engine/Content/EngineMaterials/EnergyConservation/GGX_TransmissionEnergyArray.uasset" 686
"../../../Engine/Content/EngineMaterials/EnergyConservation/GGX_TransmissionEnergyArray.uexp" 687
"../../../Engine/Content/EngineMaterials/EnergyConservation/SheenLegacy_Energy.uasset" 688
"../../../Engine/Content/EngineMaterials/EnergyConservation/SheenLegacy_Energy.uexp" 689
"../../../Engine/Content/EngineMaterials/EnergyConservation/Sheen_Energy.uasset" 690
"../../../Engine/Content/EngineMaterials/EnergyConservation/Sheen_Energy.uexp" 691
"../../../Engine/Content/EngineMaterials/LTC/GGX_LTCAmp.uasset" 692
"../../../Engine/Content/EngineMaterials/LTC/GGX_LTCAmp.uexp" 693
"../../../Engine/Content/EngineMaterials/LTC/GGX_LTCMat.uasset" 694
"../../../Engine/Content/EngineMaterials/LTC/GGX_LTCMat.uexp" 695
"../../../Engine/Content/EngineMaterials/LTC/Sheen_LTC.uasset" 696
"../../../Engine/Content/EngineMaterials/LTC/Sheen_LTC.uexp" 697
"../../../Engine/Content/EditorMaterials/Camera/CineMat.uasset" 698
"../../../Engine/Content/EditorMaterials/Camera/CineMat.uexp" 699
"../../../Engine/Content/EditorMaterials/Camera/MI_CineMat_Rig.uasset" 700
"../../../Engine/Content/EditorMaterials/Camera/MI_CineMat_Rig.uexp" 701
"../../../Engine/Content/EditorMeshes/Camera/SM_CraneRig_Arm.uasset" 702
"../../../Engine/Content/EditorMeshes/Camera/SM_CraneRig_Arm.uexp" 703
"../../../Engine/Content/EditorMeshes/Camera/SM_CraneRig_Base.uasset" 704
"../../../Engine/Content/EditorMeshes/Camera/SM_CraneRig_Base.uexp" 705
"../../../Engine/Content/MobileResources/HUD/VirtualJoystick_Background.uasset" 706
"../../../Engine/Content/MobileResources/HUD/VirtualJoystick_Background.uexp" 707
"../../../Engine/Content/MobileResources/HUD/VirtualJoystick_Thumb.uasset" 708
"../../../Engine/Content/MobileResources/HUD/VirtualJoystick_Thumb.uexp" 709
"../../../Engine/Content/MobileResources/HUD/DefaultVirtualJoysticks.uasset" 710
"../../../Engine/Content/MobileResources/HUD/DefaultVirtualJoysticks.uexp" 711
"../../../Engine/Content/EditorMeshes/Camera/SM_CraneRig_Body.uasset" 712
"../../../Engine/Content/EditorMeshes/Camera/SM_CraneRig_Body.uexp" 713
"../../../Engine/Content/EditorMeshes/Camera/SM_CraneRig_Mount.uasset" 714
"../../../Engine/Content/EditorMeshes/Camera/SM_CraneRig_Mount.uexp" 715
"../../../Engine/Content/EditorMeshes/Camera/SM_RailRig_Mount.uasset" 716
"../../../Engine/Content/EditorMeshes/Camera/SM_RailRig_Mount.uexp" 717
"../../../Engine/Content/EditorMeshes/Camera/SM_RailRig_Track.uasset" 718
"../../../Engine/Content/EditorMeshes/Camera/SM_RailRig_Track.uexp" 719
"../../../Engine/Content/EditorMaterials/Dataflow/DataflowTwoSidedVertexMaterial.uasset" 720
"../../../Engine/Content/EditorMaterials/Dataflow/DataflowTwoSidedVertexMaterial.uexp" 721
"../../../Engine/Content/EditorMaterials/Dataflow/DataflowVertexMaterial.uasset" 722
"../../../Engine/Content/EditorMaterials/Dataflow/DataflowVertexMaterial.uexp" 723
"../../../Engine/Plugins/Interchange/Assets/Content/Utilities/New_LUT.uasset" 724
"../../../Engine/Plugins/Interchange/Assets/Content/Utilities/New_LUT.uexp" 725
"../../../Engine/Content/Functions/Engine_MaterialFunctions03/Math/RemapValueRange.uasset" 726
"../../../Engine/Content/Functions/Engine_MaterialFunctions03/Math/RemapValueRange.uexp" 727
"../../../Engine/Plugins/Interchange/Assets/Content/Functions/MF_Iridescence.uasset" 728
"../../../Engine/Plugins/Interchange/Assets/Content/Functions/MF_Iridescence.uexp" 729
"../../../Engine/Plugins/Interchange/Assets/Content/gltf/Textures/T_White_srgb.uasset" 730
"../../../Engine/Plugins/Interchange/Assets/Content/gltf/Textures/T_White_srgb.uexp" 731
"../../../Engine/Plugins/Interchange/Assets/Content/gltf/MaterialFunctions/MF_BaseColor.uasset" 732
"../../../Engine/Plugins/Interchange/Assets/Content/gltf/MaterialFunctions/MF_BaseColor.uexp" 733
"../../../Engine/Plugins/Interchange/Assets/Content/gltf/MaterialFunctions/MF_Emissive.uasset" 734
"../../../Engine/Plugins/Interchange/Assets/Content/gltf/MaterialFunctions/MF_Emissive.uexp" 735
"../../../Engine/Plugins/Interchange/Assets/Content/gltf/MaterialFunctions/MF_IOR.uasset" 736
"../../../Engine/Plugins/Interchange/Assets/Content/gltf/MaterialFunctions/MF_IOR.uexp" 737
"../../../Engine/Plugins/Interchange/Assets/Content/gltf/MaterialFunctions/MF_Iridescence.uasset" 738
"../../../Engine/Plugins/Interchange/Assets/Content/gltf/MaterialFunctions/MF_Iridescence.uexp" 739
"../../../Engine/Plugins/Interchange/Assets/Content/gltf/Textures/T_White_Linear.uasset" 740
"../../../Engine/Plugins/Interchange/Assets/Content/gltf/Textures/T_White_Linear.uexp" 741
"../../../Engine/Plugins/Interchange/Assets/Content/gltf/MaterialFunctions/MF_MetallicRoughness.uasset" 742
"../../../Engine/Plugins/Interchange/Assets/Content/gltf/MaterialFunctions/MF_MetallicRoughness.uexp" 743
"../../../Engine/Plugins/Interchange/Assets/Content/gltf/MaterialFunctions/MF_RotateNormals_TS.uasset" 744
"../../../Engine/Plugins/Interchange/Assets/Content/gltf/MaterialFunctions/MF_RotateNormals_TS.uexp" 745
"../../../Engine/Plugins/Interchange/Assets/Content/gltf/MaterialFunctions/MF_ScaleNormal.uasset" 746
"../../../Engine/Plugins/Interchange/Assets/Content/gltf/MaterialFunctions/MF_ScaleNormal.uexp" 747
"../../../Engine/Plugins/Interchange/Assets/Content/gltf/Textures/T_Generic_N.uasset" 748
"../../../Engine/Plugins/Interchange/Assets/Content/gltf/Textures/T_Generic_N.uexp" 749
"../../../Engine/Plugins/Interchange/Assets/Content/gltf/MaterialFunctions/MF_Normals.uasset" 750
"../../../Engine/Plugins/Interchange/Assets/Content/gltf/MaterialFunctions/MF_Normals.uexp" 751
"../../../Engine/Plugins/Interchange/Assets/Content/gltf/MaterialFunctions/MF_Occlusion.uasset" 752
"../../../Engine/Plugins/Interchange/Assets/Content/gltf/MaterialFunctions/MF_Occlusion.uexp" 753
"../../../Engine/Plugins/Interchange/Assets/Content/gltf/MaterialFunctions/MF_RotateV2.uasset" 754
"../../../Engine/Plugins/Interchange/Assets/Content/gltf/MaterialFunctions/MF_RotateV2.uexp" 755
"../../../Engine/Plugins/Interchange/Assets/Content/gltf/MaterialFunctions/MF_Specular.uasset" 756
"../../../Engine/Plugins/Interchange/Assets/Content/gltf/MaterialFunctions/MF_Specular.uexp" 757
"../../../Engine/Plugins/Interchange/Assets/Content/gltf/Textures/T_Anisotropy_Direction_Linear.uasset" 758
"../../../Engine/Plugins/Interchange/Assets/Content/gltf/Textures/T_Anisotropy_Direction_Linear.uexp" 759
"../../../Engine/Plugins/Interchange/Assets/Content/gltf/MaterialFunctions/MF_SpecularAnisotropy.uasset" 760
"../../../Engine/Plugins/Interchange/Assets/Content/gltf/MaterialFunctions/MF_SpecularAnisotropy.uexp" 761
"../../../Engine/Plugins/Interchange/Assets/Content/gltf/MaterialFunctions/MF_TransformUVs.uasset" 762
"../../../Engine/Plugins/Interchange/Assets/Content/gltf/MaterialFunctions/MF_TransformUVs.uexp" 763
"../../../Engine/Plugins/Interchange/Assets/Content/gltf/MaterialBodies/MF_Default_Body.uasset" 764
"../../../Engine/Plugins/Interchange/Assets/Content/gltf/MaterialBodies/MF_Default_Body.uexp" 765
"../../../Engine/Plugins/Interchange/Assets/Content/gltf/M_Default.uasset" 766
"../../../Engine/Plugins/Interchange/Assets/Content/gltf/M_Default.uexp" 767
"../../../Engine/Plugins/Interchange/Assets/Content/gltf/MaterialInstances/MI_Default_Mask.uasset" 768
"../../../Engine/Plugins/Interchange/Assets/Content/gltf/MaterialInstances/MI_Default_Mask.uexp" 769
"../../../Engine/Plugins/Interchange/Assets/Content/gltf/MaterialInstances/MI_Default_Mask_DS.uasset" 770
"../../../Engine/Plugins/Interchange/Assets/Content/gltf/MaterialInstances/MI_Default_Mask_DS.uexp" 771
"../../../Engine/Plugins/Interchange/Assets/Content/gltf/MaterialInstances/MI_Default_Opaque.uasset" 772
"../../../Engine/Plugins/Interchange/Assets/Content/gltf/MaterialInstances/MI_Default_Opaque.uexp" 773
"../../../Engine/Plugins/Interchange/Assets/Content/gltf/MaterialInstances/MI_Default_Opaque_DS.uasset" 774
"../../../Engine/Plugins/Interchange/Assets/Content/gltf/MaterialInstances/MI_Default_Opaque_DS.uexp" 775
"../../../Engine/Plugins/Interchange/Assets/Content/gltf/MaterialFunctions/MF_Sheen.uasset" 776
"../../../Engine/Plugins/Interchange/Assets/Content/gltf/MaterialFunctions/MF_Sheen.uexp" 777
"../../../Engine/Plugins/Interchange/Assets/Content/gltf/MaterialBodies/MF_Sheen_Body.uasset" 778
"../../../Engine/Plugins/Interchange/Assets/Content/gltf/MaterialBodies/MF_Sheen_Body.uexp" 779
"../../../Engine/Plugins/Interchange/Assets/Content/gltf/M_Sheen.uasset" 780
"../../../Engine/Plugins/Interchange/Assets/Content/gltf/M_Sheen.uexp" 781
"../../../Engine/Plugins/Interchange/Assets/Content/gltf/MaterialInstances/MI_Sheen_Blend.uasset" 782
"../../../Engine/Plugins/Interchange/Assets/Content/gltf/MaterialInstances/MI_Sheen_Blend.uexp" 783
"../../../Engine/Plugins/Interchange/Assets/Content/gltf/MaterialInstances/MI_Sheen_Blend_DS.uasset" 784
"../../../Engine/Plugins/Interchange/Assets/Content/gltf/MaterialInstances/MI_Sheen_Blend_DS.uexp" 785
"../../../Engine/Plugins/Interchange/Assets/Content/gltf/MaterialInstances/MI_Sheen_Mask.uasset" 786
"../../../Engine/Plugins/Interchange/Assets/Content/gltf/MaterialInstances/MI_Sheen_Mask.uexp" 787
"../../../Engine/Plugins/Interchange/Assets/Content/gltf/MaterialInstances/MI_Sheen_Mask_DS.uasset" 788
"../../../Engine/Plugins/Interchange/Assets/Content/gltf/MaterialInstances/MI_Sheen_Mask_DS.uexp" 789
"../../../Engine/Plugins/Interchange/Assets/Content/gltf/MaterialInstances/MI_Sheen_Opaque.uasset" 790
"../../../Engine/Plugins/Interchange/Assets/Content/gltf/MaterialInstances/MI_Sheen_Opaque.uexp" 791
"../../../Engine/Plugins/Interchange/Assets/Content/gltf/MaterialInstances/MI_Sheen_Opaque_DS.uasset" 792
"../../../Engine/Plugins/Interchange/Assets/Content/gltf/MaterialInstances/MI_Sheen_Opaque_DS.uexp" 793
"../../../Engine/Plugins/Interchange/Assets/Content/gltf/MaterialFunctions/MF_DiffuseSpecGloss.uasset" 794
"../../../Engine/Plugins/Interchange/Assets/Content/gltf/MaterialFunctions/MF_DiffuseSpecGloss.uexp" 795
"../../../Engine/Plugins/Interchange/Assets/Content/gltf/MaterialFunctions/MF_MaxComponentValue.uasset" 796
"../../../Engine/Plugins/Interchange/Assets/Content/gltf/MaterialFunctions/MF_MaxComponentValue.uexp" 797
"../../../Engine/Content/Functions/Engine_MaterialFunctions02/Math/AddComponents.uasset" 798
"../../../Engine/Content/Functions/Engine_MaterialFunctions02/Math/AddComponents.uexp" 799
"../../../Engine/Plugins/Interchange/Assets/Content/gltf/MaterialFunctions/MF_PerceivedBrightness.uasset" 800
"../../../Engine/Plugins/Interchange/Assets/Content/gltf/MaterialFunctions/MF_PerceivedBrightness.uexp" 801
"../../../Engine/Plugins/Interchange/Assets/Content/gltf/MaterialFunctions/MF_SpecGlossToMetalRoughness.uasset" 802
"../../../Engine/Plugins/Interchange/Assets/Content/gltf/MaterialFunctions/MF_SpecGlossToMetalRoughness.uexp" 803
"../../../Engine/Plugins/Interchange/Assets/Content/gltf/MaterialBodies/MF_SpecularGlossiness_Body.uasset" 804
"../../../Engine/Plugins/Interchange/Assets/Content/gltf/MaterialBodies/MF_SpecularGlossiness_Body.uexp" 805
"../../../Engine/Plugins/Interchange/Assets/Content/gltf/M_SpecularGlossiness.uasset" 806
"../../../Engine/Plugins/Interchange/Assets/Content/gltf/M_SpecularGlossiness.uexp" 807
"../../../Engine/Plugins/Interchange/Assets/Content/gltf/MaterialInstances/MI_SpecularGlossiness_Blend.uasset" 808
"../../../Engine/Plugins/Interchange/Assets/Content/gltf/MaterialInstances/MI_SpecularGlossiness_Blend.uexp" 809
"../../../Engine/Plugins/Interchange/Assets/Content/gltf/MaterialInstances/MI_SpecularGlossiness_Blend_DS.uasset" 810
"../../../Engine/Plugins/Interchange/Assets/Content/gltf/MaterialInstances/MI_SpecularGlossiness_Blend_DS.uexp" 811
"../../../Engine/Plugins/Interchange/Assets/Content/gltf/MaterialInstances/MI_SpecularGlossiness_Mask.uasset" 812
"../../../Engine/Plugins/Interchange/Assets/Content/gltf/MaterialInstances/MI_SpecularGlossiness_Mask.uexp" 813
"../../../Engine/Plugins/Interchange/Assets/Content/gltf/MaterialInstances/MI_SpecularGlossiness_Mask_DS.uasset" 814
"../../../Engine/Plugins/Interchange/Assets/Content/gltf/MaterialInstances/MI_SpecularGlossiness_Mask_DS.uexp" 815
"../../../Engine/Plugins/Interchange/Assets/Content/gltf/MaterialInstances/MI_SpecularGlossiness_Opaque.uasset" 816
"../../../Engine/Plugins/Interchange/Assets/Content/gltf/MaterialInstances/MI_SpecularGlossiness_Opaque.uexp" 817
"../../../Engine/Plugins/Interchange/Assets/Content/gltf/MaterialInstances/MI_SpecularGlossiness_Opaque_DS.uasset" 818
"../../../Engine/Plugins/Interchange/Assets/Content/gltf/MaterialInstances/MI_SpecularGlossiness_Opaque_DS.uexp" 819
"../../../Engine/Content/EngineMaterials/Good64x64TilingNoiseHighFreq.uasset" 820
"../../../Engine/Content/EngineMaterials/Good64x64TilingNoiseHighFreq.uexp" 821
"../../../Engine/Content/Functions/Engine_MaterialFunctions02/Texturing/ScreenAlignedPixelToPixelUVs.uasset" 822
"../../../Engine/Content/Functions/Engine_MaterialFunctions02/Texturing/ScreenAlignedPixelToPixelUVs.uexp" 823
"../../../Engine/Plugins/Interchange/Assets/Content/gltf/MaterialFunctions/MF_Fresnel_DS.uasset" 824
"../../../Engine/Plugins/Interchange/Assets/Content/gltf/MaterialFunctions/MF_Fresnel_DS.uexp" 825
"../../../Engine/Plugins/Interchange/Assets/Content/gltf/MaterialFunctions/MF_Temporal_Blur.uasset" 826
"../../../Engine/Plugins/Interchange/Assets/Content/gltf/MaterialFunctions/MF_Temporal_Blur.uexp" 827
"../../../Engine/Plugins/Interchange/Assets/Content/gltf/MaterialFunctions/MF_Transmission.uasset" 828
"../../../Engine/Plugins/Interchange/Assets/Content/gltf/MaterialFunctions/MF_Transmission.uexp" 829
"../../../Engine/Plugins/Interchange/Assets/Content/gltf/MaterialBodies/MF_Transmission_Body.uasset" 830
"../../../Engine/Plugins/Interchange/Assets/Content/gltf/MaterialBodies/MF_Transmission_Body.uexp" 831
"../../../Engine/Plugins/Interchange/Assets/Content/gltf/M_Transmission.uasset" 832
"../../../Engine/Plugins/Interchange/Assets/Content/gltf/M_Transmission.uexp" 833
"../../../Engine/Plugins/Interchange/Assets/Content/gltf/MaterialInstances/MI_Transmission.uasset" 834
"../../../Engine/Plugins/Interchange/Assets/Content/gltf/MaterialInstances/MI_Transmission.uexp" 835
"../../../Engine/Plugins/Interchange/Assets/Content/gltf/MaterialInstances/MI_Transmission_DS.uasset" 836
"../../../Engine/Plugins/Interchange/Assets/Content/gltf/MaterialInstances/MI_Transmission_DS.uexp" 837
"../../../Engine/Plugins/Interchange/Assets/Content/gltf/MaterialBodies/MF_Unlit_Body.uasset" 838
"../../../Engine/Plugins/Interchange/Assets/Content/gltf/MaterialBodies/MF_Unlit_Body.uexp" 839
"../../../Engine/Plugins/Interchange/Assets/Content/gltf/M_Unlit.uasset" 840
"../../../Engine/Plugins/Interchange/Assets/Content/gltf/M_Unlit.uexp" 841
"../../../Engine/Plugins/Interchange/Assets/Content/gltf/MaterialInstances/MI_Unlit_Blend.uasset" 842
"../../../Engine/Plugins/Interchange/Assets/Content/gltf/MaterialInstances/MI_Unlit_Blend.uexp" 843
"../../../Engine/Plugins/Interchange/Assets/Content/gltf/MaterialInstances/MI_Unlit_Blend_DS.uasset" 844
"../../../Engine/Plugins/Interchange/Assets/Content/gltf/MaterialInstances/MI_Unlit_Blend_DS.uexp" 845
"../../../Engine/Plugins/Interchange/Assets/Content/gltf/MaterialInstances/MI_Unlit_Mask.uasset" 846
"../../../Engine/Plugins/Interchange/Assets/Content/gltf/MaterialInstances/MI_Unlit_Mask.uexp" 847
"../../../Engine/Plugins/Interchange/Assets/Content/gltf/MaterialInstances/MI_Unlit_Mask_DS.uasset" 848
"../../../Engine/Plugins/Interchange/Assets/Content/gltf/MaterialInstances/MI_Unlit_Mask_DS.uexp" 849
"../../../Engine/Plugins/Interchange/Assets/Content/gltf/MaterialInstances/MI_Unlit_Opaque.uasset" 850
"../../../Engine/Plugins/Interchange/Assets/Content/gltf/MaterialInstances/MI_Unlit_Opaque.uexp" 851
"../../../Engine/Plugins/Interchange/Assets/Content/gltf/MaterialInstances/MI_Unlit_Opaque_DS.uasset" 852
"../../../Engine/Plugins/Interchange/Assets/Content/gltf/MaterialInstances/MI_Unlit_Opaque_DS.uexp" 853
"../../../Engine/Content/ArtTools/RenderToTexture/Meshes/S_1_Unit_Plane.uasset" 854
"../../../Engine/Content/ArtTools/RenderToTexture/Meshes/S_1_Unit_Plane.uexp" 855
"../../../Engine/Content/EngineMaterials/Substrate/GLints/AGlintTex2dArray.uasset" 856
"../../../Engine/Content/EngineMaterials/Substrate/GLints/AGlintTex2dArray.uexp" 857
"../../../Engine/Content/Functions/Engine_MaterialFunctions01/Texturing/FlattenNormal.uasset" 858
"../../../Engine/Content/Functions/Engine_MaterialFunctions01/Texturing/FlattenNormal.uexp" 859
"../../../Engine/Plugins/Interchange/Assets/Content/gltf/MaterialFunctions/MF_Clearcoat.uasset" 860
"../../../Engine/Plugins/Interchange/Assets/Content/gltf/MaterialFunctions/MF_Clearcoat.uexp" 861
"../../../Engine/Plugins/Interchange/Assets/Content/gltf/MaterialBodies/MF_ClearCoat_Body.uasset" 862
"../../../Engine/Plugins/Interchange/Assets/Content/gltf/MaterialBodies/MF_ClearCoat_Body.uexp" 863
"../../../Engine/Plugins/Interchange/Assets/Content/gltf/M_ClearCoat.uasset" 864
"../../../Engine/Plugins/Interchange/Assets/Content/gltf/M_ClearCoat.uexp" 865
"../../../Engine/Plugins/Interchange/Assets/Content/gltf/MaterialInstances/MI_ClearCoat_Blend.uasset" 866
"../../../Engine/Plugins/Interchange/Assets/Content/gltf/MaterialInstances/MI_ClearCoat_Blend.uexp" 867
"../../../Engine/Plugins/Interchange/Assets/Content/gltf/MaterialInstances/MI_ClearCoat_Blend_DS.uasset" 868
"../../../Engine/Plugins/Interchange/Assets/Content/gltf/MaterialInstances/MI_ClearCoat_Blend_DS.uexp" 869
"../../../Engine/Plugins/Interchange/Assets/Content/gltf/MaterialInstances/MI_ClearCoat_Mask.uasset" 870
"../../../Engine/Plugins/Interchange/Assets/Content/gltf/MaterialInstances/MI_ClearCoat_Mask.uexp" 871
"../../../Engine/Plugins/Interchange/Assets/Content/gltf/MaterialInstances/MI_ClearCoat_Mask_DS.uasset" 872
"../../../Engine/Plugins/Interchange/Assets/Content/gltf/MaterialInstances/MI_ClearCoat_Mask_DS.uexp" 873
"../../../Engine/Plugins/Interchange/Assets/Content/gltf/MaterialInstances/MI_ClearCoat_Opaque.uasset" 874
"../../../Engine/Plugins/Interchange/Assets/Content/gltf/MaterialInstances/MI_ClearCoat_Opaque.uexp" 875
"../../../Engine/Plugins/Interchange/Assets/Content/gltf/MaterialInstances/MI_ClearCoat_Opaque_DS.uasset" 876
"../../../Engine/Plugins/Interchange/Assets/Content/gltf/MaterialInstances/MI_ClearCoat_Opaque_DS.uexp" 877
"../../../Engine/Plugins/Interchange/Assets/Content/gltf/MaterialInstances/MI_Default_Blend.uasset" 878
"../../../Engine/Plugins/Interchange/Assets/Content/gltf/MaterialInstances/MI_Default_Blend.uexp" 879
"../../../Engine/Plugins/Interchange/Assets/Content/gltf/MaterialInstances/MI_Default_Blend_DS.uasset" 880
"../../../Engine/Plugins/Interchange/Assets/Content/gltf/MaterialInstances/MI_Default_Blend_DS.uexp" 881
"../../../Engine/Content/EngineMaterials/Substrate/Glints2/AGlintTex2dArray2.uasset" 882
"../../../Engine/Content/EngineMaterials/Substrate/Glints2/AGlintTex2dArray2.uexp" 883
"../../../Engine/Content/EngineMaterials/Substrate/Volume/SubstrateSimpleVolumeEnvLUT3D.uasset" 884
"../../../Engine/Content/EngineMaterials/Substrate/Volume/SubstrateSimpleVolumeEnvLUT3D.uexp" 885
"../../../Engine/Content/EngineMaterials/Substrate/Volume/SubstrateSimpleVolumeLUT3D.uasset" 886
"../../../Engine/Content/EngineMaterials/Substrate/Volume/SubstrateSimpleVolumeLUT3D.uexp" 887
"../../../Engine/Content/Functions/Engine_MaterialFunctions01/Shading/ConvertFromDiffSpec.uasset" 888
"../../../Engine/Content/Functions/Engine_MaterialFunctions01/Shading/ConvertFromDiffSpec.uexp" 889
"../../../Engine/Content/Functions/Engine_MaterialFunctions01/Shading/PowerToRoughness.uasset" 890
"../../../Engine/Content/Functions/Engine_MaterialFunctions01/Shading/PowerToRoughness.uexp" 891
"C:/Projects/FracturedStars/Content/Maps/MainGameMap.uexp" 892
"C:/Projects/FracturedStars/Content/Maps/MainGameMap.umap" 893
"../../../Engine/Content/Maps/Entry_BuiltData.uasset" 894
"../../../Engine/Content/Maps/Entry_BuiltData.uexp" 895
"../../../Engine/Content/Maps/Entry.uexp" 896
"../../../Engine/Content/Maps/Entry.umap" 897
"C:/Projects/FracturedStars/Content/Tests/BP_UniverseTest.uasset" 898
"C:/Projects/FracturedStars/Content/Tests/BP_UniverseTest.uexp" 899
"C:/Projects/FracturedStars/Content/Tests/MyUniverseDebugVisualizer.uasset" 900
"C:/Projects/FracturedStars/Content/Tests/MyUniverseDebugVisualizer.uexp" 901
"C:/Projects/FracturedStars/Content/Maps/Dev/L_DevSandbox.uexp" 902
"C:/Projects/FracturedStars/Content/Maps/Dev/L_DevSandbox.umap" 903
"C:/Projects/FracturedStars/Content/Maps/Frontend/L_Frontend.uexp" 904
"C:/Projects/FracturedStars/Content/Maps/Frontend/L_Frontend.umap" 905
"C:/Projects/FracturedStars/Content/Maps/Universe/L_Universe.uexp" 906
"C:/Projects/FracturedStars/Content/Maps/Universe/L_Universe.umap" 907
